Component: ARM Compiler 5.06 update 1 (build 61) Tool: armlink [4d35a8]

==============================================================================

Section Cross References

    system_stm32f4xx.o(i.SystemCoreClockUpdate) refers to system_stm32f4xx.o(.data) for SystemCoreClock
    system_stm32f4xx.o(i.SystemInit) refers to system_stm32f4xx.o(i.SetSysClock) for SetSysClock
    startup_stm32f4xx.o(RESET) refers to startup_stm32f4xx.o(STACK) for __initial_sp
    startup_stm32f4xx.o(RESET) refers to startup_stm32f4xx.o(.text) for Reset_Handler
    startup_stm32f4xx.o(RESET) refers to stm32f4xx_it.o(i.NMI_Handler) for NMI_Handler
    startup_stm32f4xx.o(RESET) refers to stm32f4xx_it.o(i.HardFault_Handler) for HardFault_Handler
    startup_stm32f4xx.o(RESET) refers to stm32f4xx_it.o(i.MemManage_Handler) for MemManage_Handler
    startup_stm32f4xx.o(RESET) refers to stm32f4xx_it.o(i.BusFault_Handler) for BusFault_Handler
    startup_stm32f4xx.o(RESET) refers to stm32f4xx_it.o(i.UsageFault_Handler) for UsageFault_Handler
    startup_stm32f4xx.o(RESET) refers to stm32f4xx_it.o(i.SVC_Handler) for SVC_Handler
    startup_stm32f4xx.o(RESET) refers to stm32f4xx_it.o(i.DebugMon_Handler) for DebugMon_Handler
    startup_stm32f4xx.o(RESET) refers to stm32f4xx_it.o(i.PendSV_Handler) for PendSV_Handler
    startup_stm32f4xx.o(RESET) refers to stm32f4xx_it.o(i.SysTick_Handler) for SysTick_Handler
    startup_stm32f4xx.o(RESET) refers to stm32f4xx_it.o(i.EXTI9_5_IRQHandler) for EXTI9_5_IRQHandler
    startup_stm32f4xx.o(RESET) refers to stm32f4xx_it.o(i.TIM2_IRQHandler) for TIM2_IRQHandler
    startup_stm32f4xx.o(RESET) refers to stm32f4xx_it.o(i.USART6_IRQHandler) for USART6_IRQHandler
    startup_stm32f4xx.o(.text) refers to system_stm32f4xx.o(i.SystemInit) for SystemInit
    startup_stm32f4xx.o(.text) refers to entry.o(.ARM.Collect$$$$00000000) for __main
    main.o(i.main) refers to delay.o(i.SysTick_Init) for SysTick_Init
    main.o(i.main) refers to key.o(i.KEYGpio_Init) for KEYGpio_Init
    main.o(i.main) refers to led.o(i.LEDGpio_Init) for LEDGpio_Init
    main.o(i.main) refers to lcd.o(i.LCD_Init) for LCD_Init
    main.o(i.main) refers to stm32f4xx_it.o(i.SysTick_Handler) for SysTick_Handler
    main.o(i.main) refers to lcd.o(i.LCD_Clear) for LCD_Clear
    main.o(i.main) refers to ch455i2c.o(i.init_CH455) for init_CH455
    main.o(i.main) refers to ch455i2c.o(i.CH455_Write) for CH455_Write
    main.o(i.main) refers to usart3.o(i.UART3_Configuration) for UART3_Configuration
    main.o(i.main) refers to usart3.o(i.UART6_Configuration) for UART6_Configuration
    main.o(i.main) refers to mp3.o(i.setMp3Dev) for setMp3Dev
    main.o(i.main) refers to mp3.o(i.setMp3Vol) for setMp3Vol
    main.o(i.main) refers to time.o(i.TIM2_Configuration) for TIM2_Configuration
    main.o(i.main) refers to charging pile function.o(i.menu1) for menu1
    stm32f4xx_it.o(i.EXTI9_5_IRQHandler) refers to stm32f4xx_exti.o(i.EXTI_GetITStatus) for EXTI_GetITStatus
    stm32f4xx_it.o(i.EXTI9_5_IRQHandler) refers to stm32f4xx_exti.o(i.EXTI_ClearITPendingBit) for EXTI_ClearITPendingBit
    stm32f4xx_it.o(i.EXTI9_5_IRQHandler) refers to ch455i2c.o(i.CH455_Read) for CH455_Read
    stm32f4xx_it.o(i.EXTI9_5_IRQHandler) refers to charging pile function.o(.data) for ch455_key
    stm32f4xx_it.o(i.SysTick_Handler) refers to key.o(i.KeyScan) for KeyScan
    stm32f4xx_it.o(i.SysTick_Handler) refers to delay.o(i.TimingDelay_Decrement) for TimingDelay_Decrement
    stm32f4xx_it.o(i.SysTick_Handler) refers to charging pile function.o(.data) for key
    stm32f4xx_it.o(i.TIM2_IRQHandler) refers to stm32f4xx_tim.o(i.TIM_GetITStatus) for TIM_GetITStatus
    stm32f4xx_it.o(i.TIM2_IRQHandler) refers to stm32f4xx_tim.o(i.TIM_ClearITPendingBit) for TIM_ClearITPendingBit
    stm32f4xx_it.o(i.TIM2_IRQHandler) refers to ch455i2c.o(i.CH455_Write) for CH455_Write
    stm32f4xx_it.o(i.TIM2_IRQHandler) refers to stm32f4xx_it.o(.data) for c
    stm32f4xx_it.o(i.TIM2_IRQHandler) refers to charging pile function.o(.bss) for flag1
    stm32f4xx_it.o(i.TIM2_IRQHandler) refers to stm32f4xx_it.o(.bss) for sec
    stm32f4xx_it.o(i.TIM2_IRQHandler) refers to charging pile function.o(.data) for time
    stm32f4xx_it.o(i.TIM2_IRQHandler) refers to stm32f4xx_it.o(.constdata) for BCD_decode_tab2
    stm32f4xx_it.o(i.USART6_IRQHandler) refers to stm32f4xx_usart.o(i.USART_GetITStatus) for USART_GetITStatus
    stm32f4xx_it.o(i.USART6_IRQHandler) refers to stm32f4xx_usart.o(i.USART_ClearITPendingBit) for USART_ClearITPendingBit
    stm32f4xx_it.o(i.USART6_IRQHandler) refers to stm32f4xx_usart.o(i.USART_ReceiveData) for USART_ReceiveData
    stm32f4xx_it.o(i.USART6_IRQHandler) refers to memcpya.o(.text) for __aeabi_memcpy
    stm32f4xx_it.o(i.USART6_IRQHandler) refers to usart3.o(.bss) for Uart6
    stm32f4xx_it.o(i.USART6_IRQHandler) refers to mpu6050.o(.bss) for databuf
    stm32f4xx_it.o(i.USART6_IRQHandler) refers to mpu6050.o(.data) for display_flag
[...]
    Removing stm32f4xx_spi.o(i.SPI_TIModeCmd), (24 bytes).
    Removing stm32f4xx_spi.o(i.SPI_TransmitCRC), (10 bytes).
    Removing stm32f4xx_syscfg.o(.emb_text), (8 bytes).
    Removing stm32f4xx_syscfg.o(i.SYSCFG_CompensationCellCmd), (12 bytes).
    Removing stm32f4xx_syscfg.o(i.SYSCFG_DeInit), (22 bytes).
    Removing stm32f4xx_syscfg.o(i.SYSCFG_ETH_MediaInterfaceConfig), (12 bytes).
    Removing stm32f4xx_syscfg.o(i.SYSCFG_GetCompensationCellStatus), (24 bytes).
    Removing stm32f4xx_syscfg.o(i.SYSCFG_MemoryRemapConfig), (12 bytes).
    Removing stm32f4xx_tim.o(.emb_text), (8 bytes).
    Removing stm32f4xx_tim.o(i.TI1_Config), (58 bytes).
    Removing stm32f4xx_tim.o(i.TI2_Config), (80 bytes).
    Removing stm32f4xx_tim.o(i.TI3_Config), (72 bytes).
    Removing stm32f4xx_tim.o(i.TI4_Config), (80 bytes).
    Removing stm32f4xx_tim.o(i.TIM_BDTRConfig), (32 bytes).
    Removing stm32f4xx_tim.o(i.TIM_BDTRStructInit), (18 bytes).
    Removing stm32f4xx_tim.o(i.TIM_CCPreloadControl), (24 bytes).
    Removing stm32f4xx_tim.o(i.TIM_CCxCmd), (30 bytes).
    Removing stm32f4xx_tim.o(i.TIM_CCxNCmd), (30 bytes).
    Removing stm32f4xx_tim.o(i.TIM_ClearFlag), (6 bytes).
    Removing stm32f4xx_tim.o(i.TIM_ClearOC1Ref), (18 bytes).
    Removing stm32f4xx_tim.o(i.TIM_ClearOC2Ref), (24 bytes).
    Removing stm32f4xx_tim.o(i.TIM_ClearOC3Ref), (18 bytes).
    Removing stm32f4xx_tim.o(i.TIM_ClearOC4Ref), (24 bytes).
    Removing stm32f4xx_tim.o(i.TIM_CounterModeConfig), (18 bytes).
    Removing stm32f4xx_tim.o(i.TIM_CtrlPWMOutputs), (30 bytes).
    Removing stm32f4xx_tim.o(i.TIM_DMACmd), (18 bytes).
    Removing stm32f4xx_tim.o(i.TIM_DMAConfig), (10 bytes).
    Removing stm32f4xx_tim.o(i.TIM_DeInit), (400 bytes).
    Removing stm32f4xx_tim.o(i.TIM_ETRClockMode1Config), (54 bytes).
    Removing stm32f4xx_tim.o(i.TIM_ETRClockMode2Config), (32 bytes).
    Removing stm32f4xx_tim.o(i.TIM_ETRConfig), (28 bytes).
    Removing stm32f4xx_tim.o(i.TIM_EncoderInterfaceConfig), (66 bytes).
    Removing stm32f4xx_tim.o(i.TIM_ForcedOC1Config), (18 bytes).
    Removing stm32f4xx_tim.o(i.TIM_ForcedOC2Config), (26 bytes).
    Removing stm32f4xx_tim.o(i.TIM_ForcedOC3Config), (18 bytes).
    Removing stm32f4xx_tim.o(i.TIM_ForcedOC4Config), (26 bytes).
    Removing stm32f4xx_tim.o(i.TIM_GenerateEvent), (4 bytes).
    Removing stm32f4xx_tim.o(i.TIM_GetCapture1), (6 bytes).
    Removing stm32f4xx_tim.o(i.TIM_GetCapture2), (6 bytes).
    Removing stm32f4xx_tim.o(i.TIM_GetCapture3), (6 bytes).
    Removing stm32f4xx_tim.o(i.TIM_GetCapture4), (6 bytes).
    Removing stm32f4xx_tim.o(i.TIM_GetCounter), (6 bytes).
    Removing stm32f4xx_tim.o(i.TIM_GetFlagStatus), (18 bytes).
    Removing stm32f4xx_tim.o(i.TIM_GetPrescaler), (6 bytes).
    Removing stm32f4xx_tim.o(i.TIM_ICInit), (110 bytes).
    Removing stm32f4xx_tim.o(i.TIM_ICStructInit), (18 bytes).
    Removing stm32f4xx_tim.o(i.TIM_ITRxExternalClockConfig), (24 bytes).
    Removing stm32f4xx_tim.o(i.TIM_InternalClockConfig), (12 bytes).
    Removing stm32f4xx_tim.o(i.TIM_OC1FastConfig), (18 bytes).
    Removing stm32f4xx_tim.o(i.TIM_OC1Init), (124 bytes).
    Removing stm32f4xx_tim.o(i.TIM_OC1NPolarityConfig), (18 bytes).
    Removing stm32f4xx_tim.o(i.TIM_OC1PolarityConfig), (18 bytes).
    Removing stm32f4xx_tim.o(i.TIM_OC1PreloadConfig), (18 bytes).
    Removing stm32f4xx_tim.o(i.TIM_OC2FastConfig), (26 bytes).
    Removing stm32f4xx_tim.o(i.TIM_OC2Init), (164 bytes).
    Removing stm32f4xx_tim.o(i.TIM_OC2NPolarityConfig), (26 bytes).
    Removing stm32f4xx_tim.o(i.TIM_OC2PolarityConfig), (26 bytes).
    Removing stm32f4xx_tim.o(i.TIM_OC2PreloadConfig), (26 bytes).
    Removing stm32f4xx_tim.o(i.TIM_OC3FastConfig), (18 bytes).
    Removing stm32f4xx_tim.o(i.TIM_OC3Init), (160 bytes).
    Removing stm32f4xx_tim.o(i.TIM_OC3NPolarityConfig), (26 bytes).
    Removing stm32f4xx_tim.o(i.TIM_OC3PolarityConfig), (26 bytes).
    Removing stm32f4xx_tim.o(i.TIM_OC3PreloadConfig), (18 bytes).
    Removing stm32f4xx_tim.o(i.TIM_OC4FastConfig), (26 bytes).
    Removing stm32f4xx_tim.o(i.TIM_OC4Init), (120 bytes).
    Removing stm32f4xx_tim.o(i.TIM_OC4PolarityConfig), (26 bytes).
    Removing stm32f4xx_tim.o(i.TIM_OC4PreloadConfig), (26 bytes).
    Removing stm32f4xx_tim.o(i.TIM_OCStructInit), (20 bytes).
    Removing stm32f4xx_tim.o(i.TIM_PWMIConfig), (124 bytes).
    Removing stm32f4xx_tim.o(i.TIM_PrescalerConfig), (6 bytes).
    Removing stm32f4xx_tim.o(i.TIM_RemapConfig), (6 bytes).
    Removing stm32f4xx_tim.o(i.TIM_SelectCCDMA), (24 bytes).
    Removing stm32f4xx_tim.o(i.TIM_SelectCOM), (24 bytes).
    Removing stm32f4xx_tim.o(i.TIM_SelectHallSensor), (24 bytes).
    Removing stm32f4xx_tim.o(i.TIM_SelectInputTrigger), (18 bytes).
    Removing stm32f4xx_tim.o(i.TIM_SelectMasterSlaveMode), (18 bytes).
    Removing stm32f4xx_tim.o(i.TIM_SelectOCxM), (86 bytes).
    Removing stm32f4xx_tim.o(i.TIM_SelectOnePulseMode), (18 bytes).
    Removing stm32f4xx_tim.o(i.TIM_SelectOutputTrigger), (18 bytes).
    Removing stm32f4xx_tim.o(i.TIM_SelectSlaveMode), (18 bytes).
    Removing stm32f4xx_tim.o(i.TIM_SetAutoreload), (4 bytes).
    Removing stm32f4xx_tim.o(i.TIM_SetClockDivision), (18 bytes).
    Removing stm32f4xx_tim.o(i.TIM_SetCompare1), (4 bytes).
    Removing stm32f4xx_tim.o(i.TIM_SetCompare2), (4 bytes).
    Removing stm32f4xx_tim.o(i.TIM_SetCompare3), (4 bytes).
    Removing stm32f4xx_tim.o(i.TIM_SetCompare4), (4 bytes).
    Removing stm32f4xx_tim.o(i.TIM_SetCounter), (4 bytes).
    Removing stm32f4xx_tim.o(i.TIM_SetIC1Prescaler), (18 bytes).
    Removing stm32f4xx_tim.o(i.TIM_SetIC2Prescaler), (26 bytes).
    Removing stm32f4xx_tim.o(i.TIM_SetIC3Prescaler), (18 bytes).
    Removing stm32f4xx_tim.o(i.TIM_SetIC4Prescaler), (26 bytes).
    Removing stm32f4xx_tim.o(i.TIM_TIxExternalClockConfig), (62 bytes).
    Removing stm32f4xx_tim.o(i.TIM_TimeBaseStructInit), (18 bytes).
    Removing stm32f4xx_tim.o(i.TIM_UpdateDisableConfig), (24 bytes).
    Removing stm32f4xx_tim.o(i.TIM_UpdateRequestConfig), (24 bytes).
    Removing stm32f4xx_usart.o(.emb_text), (8 bytes).
    Removing stm32f4xx_usart.o(i.USART_ClearFlag), (18 bytes).
    Removing stm32f4xx_usart.o(i.USART_ClockInit), (32 bytes).
    Removing stm32f4xx_usart.o(i.USART_ClockStructInit), (12 bytes).
    Removing stm32f4xx_usart.o(i.USART_DMACmd), (18 bytes).
    Removing stm32f4xx_usart.o(i.USART_DeInit), (180 bytes).
    Removing stm32f4xx_usart.o(i.USART_HalfDuplexCmd), (24 bytes).
    Removing stm32f4xx_usart.o(i.USART_IrDACmd), (24 bytes).
    Removing stm32f4xx_usart.o(i.USART_IrDAConfig), (18 bytes).
    Removing stm32f4xx_usart.o(i.USART_LINBreakDetectLengthConfig), (18 bytes).
    Removing stm32f4xx_usart.o(i.USART_LINCmd), (24 bytes).
    Removing stm32f4xx_usart.o(i.USART_OneBitMethodCmd), (24 bytes).
    Removing stm32f4xx_usart.o(i.USART_OverSampling8Cmd), (22 bytes).
    Removing stm32f4xx_usart.o(i.USART_ReceiverWakeUpCmd), (24 bytes).
    Removing stm32f4xx_usart.o(i.USART_SendBreak), (10 bytes).
    Removing stm32f4xx_usart.o(i.USART_SetAddress), (18 bytes).
    Removing stm32f4xx_usart.o(i.USART_SetGuardTime), (16 bytes).
    Removing stm32f4xx_usart.o(i.USART_SetPrescaler), (16 bytes).
    Removing stm32f4xx_usart.o(i.USART_SmartCardCmd), (24 bytes).
    Removing stm32f4xx_usart.o(i.USART_SmartCardNACKCmd), (24 bytes).
    Removing stm32f4xx_usart.o(i.USART_StructInit), (24 bytes).
    Removing stm32f4xx_usart.o(i.USART_WakeUpConfig), (18 bytes).
    Removing stm32f4xx_wwdg.o(.emb_text), (8 bytes).
    Removing stm32f4xx_wwdg.o(i.WWDG_ClearFlag), (12 bytes).
    Removing stm32f4xx_wwdg.o(i.WWDG_DeInit), (22 bytes).
    Removing stm32f4xx_wwdg.o(i.WWDG_Enable), (16 bytes).
    Removing stm32f4xx_wwdg.o(i.WWDG_EnableIT), (12 bytes).
    Removing stm32f4xx_wwdg.o(i.WWDG_GetFlagStatus), (20 bytes).
    Removing stm32f4xx_wwdg.o(i.WWDG_SetCounter), (16 bytes).
    Removing stm32f4xx_wwdg.o(i.WWDG_SetPrescaler), (24 bytes).
    Removing stm32f4xx_wwdg.o(i.WWDG_SetWindowValue), (40 bytes).
    Removing delay.o(.emb_text), (8 bytes).
    Removing key.o(.emb_text), (8 bytes).
    Removing led.o(.emb_text), (8 bytes).
    Removing dcmotor.o(.emb_text), (8 bytes).
    Removing dcmotor.o(i.DCMotorGpio_Init), (88 bytes).
    Removing dcmotor.o(i.DCMotorTest), (76 bytes).
    Removing time.o(.emb_text), (8 bytes).
    Removing lcd.o(.emb_text), (8 bytes).
    Removing lcd.o(i.LCD_DrawLine), (172 bytes).
    Removing lcd.o(i.LCD_DrawRectangle), (74 bytes).
    Removing lcd.o(i.LCD_ReadReg), (22 bytes).
    Removing dmul.o(.text), (228 bytes).
    Removing ddiv.o(.text), (222 bytes).
    Removing dflti.o(.text), (34 bytes).
    Removing dfixul.o(.text), (48 bytes).
    Removing cdrcmple.o(.text), (48 bytes).

631 unused section(s) (total 28687 bytes) removed from the image.

==============================================================================

Image Symbol Table

    Local Symbols

    Symbol Name                              Value     Ov Type        Size  Object(Section)

    ../clib/microlib/division.c              0x00000000   Number         0  uidiv.o ABSOLUTE
    ../clib/microlib/division.c              0x00000000   Number         0  uldiv.o ABSOLUTE
    ../clib/microlib/init/entry.s            0x00000000   Number         0  entry8a.o ABSOLUTE
    ../clib/microlib/init/entry.s            0x00000000   Number         0  entry7b.o ABSOLUTE
    ../clib/microlib/init/entry.s            0x00000000   Number         0  entry7a.o ABSOLUTE
    ../clib/microlib/init/entry.s            0x00000000   Number         0  entry5.o ABSOLUTE
    ../clib/microlib/init/entry.s            0x00000000   Number         0  entry2.o ABSOLUTE
    ../clib/microlib/init/entry.s            0x00000000   Number         0  entry8b.o ABSOLUTE
    ../clib/microlib/init/entry.s            0x00000000   Number         0  entry9a.o ABSOLUTE
    ../clib/microlib/init/entry.s            0x00000000   Number         0  entry9b.o ABSOLUTE
    ../clib/microlib/init/entry.s            0x00000000   Number         0  entry10a.o ABSOLUTE
    ../clib/microlib/init/entry.s            0x00000000   Number         0  entry10b.o ABSOLUTE
    ../clib/microlib/init/entry.s            0x00000000   Number         0  entry11b.o ABSOLUTE
    ../clib/microlib/init/entry.s            0x00000000   Number         0  entry11a.o ABSOLUTE
    ../clib/microlib/init/entry.s            0x00000000   Number         0  entry.o ABSOLUTE
    ../clib/microlib/longlong.c              0x00000000   Number         0  llshl.o ABSOLUTE
    ../clib/microlib/longlong.c              0x00000000   Number         0  llsshr.o ABSOLUTE
    ../clib/microlib/longlong.c              0x00000000   Number         0  llushr.o ABSOLUTE
    ../clib/microlib/printf/printf.c         0x00000000   Number         0  printf5.o ABSOLUTE
    ../clib/microlib/printf/printf.c         0x00000000   Number         0  printf4.o ABSOLUTE
    ../clib/microlib/printf/printf.c         0x00000000   Number         0  printf2.o ABSOLUTE
    ../clib/microlib/printf/printf.c         0x00000000   Number         0  printf1.o ABSOLUTE
    ../clib/microlib/printf/printf.c         0x00000000   Number         0  printf0.o ABSOLUTE
    ../clib/microlib/printf/printf.c         0x00000000   Number         0  printfb.o ABSOLUTE
    ../clib/microlib/printf/printf.c         0x00000000   Number         0  printf8.o ABSOLUTE
    ../clib/microlib/printf/printf.c         0x00000000   Number         0  printf3.o ABSOLUTE
    ../clib/microlib/printf/printf.c         0x00000000   Number         0  printfa.o ABSOLUTE
    ../clib/microlib/printf/printf.c         0x00000000   Number         0  printf6.o ABSOLUTE
    ../clib/microlib/printf/printf.c         0x00000000   Number         0  printf7.o ABSOLUTE
    ../clib/microlib/printf/stubs.s          0x00000000   Number         0  stubs.o ABSOLUTE
    ../clib/microlib/stdio/streams.c         0x00000000   Number         0  stdout.o ABSOLUTE
    ../clib/microlib/string/memcpy.c         0x00000000   Number         0  memcpyb.o ABSOLUTE
    ../clib/microlib/string/memcpy.c         0x00000000   Number         0  memcpya.o ABSOLUTE
    ../clib/microlib/stubs.s                 0x00000000   Number         0  iusefp.o ABSOLUTE
    ../fplib/microlib/d2f.c                  0x00000000   Number         0  d2f.o ABSOLUTE
    ../fplib/microlib/f2d.c                  0x00000000   Number         0  f2d.o ABSOLUTE
    ../fplib/microlib/fpadd.c                0x00000000   Number         0  dadd.o ABSOLUTE
    ../fplib/microlib/fpdiv.c                0x00000000   Number         0  ddiv.o ABSOLUTE
    ../fplib/microlib/fpepilogue.c           0x00000000   Number         0  depilogue.o ABSOLUTE
    ../fplib/microlib/fpepilogue.c           0x00000000   Number         0  fepilogue.o ABSOLUTE
    ../fplib/microlib/fpfix.c                0x00000000   Number         0  dfixul.o ABSOLUTE
    ../fplib/microlib/fpflt.c                0x00000000   Number         0  dflti.o ABSOLUTE
    ../fplib/microlib/fpmul.c                0x00000000   Number         0  dmul.o ABSOLUTE
    ..\BaseDrive\CH455I2C.C                  0x00000000   Number         0  ch455i2c.o ABSOLUTE
    ..\BaseDrive\DCMotor.c                   0x00000000   Number         0  dcmotor.o ABSOLUTE
    ..\BaseDrive\I2C.c                       0x00000000   Number         0  i2c.o ABSOLUTE
    ..\BaseDrive\KEY.c                       0x00000000   Number         0  key.o ABSOLUTE
    ..\BaseDrive\LED.c                       0x00000000   Number         0  led.o ABSOLUTE
    ..\BaseDrive\TIME.c                      0x00000000   Number         0  time.o ABSOLUTE
    ..\BaseDrive\delay.c                     0x00000000   Number         0  delay.o ABSOLUTE
    ..\ExternalDrive\lcd\lcd.c               0x00000000   Number         0  lcd.o ABSOLUTE
    ..\Libraries\CMSIS\Device\ST\STM32F4xx\Source\Templates\arm\startup_stm32f4xx.s 0x00000000   Number         0  startup_stm32f4xx.o ABSOLUTE
    ..\Libraries\CMSIS\Device\ST\STM32F4xx\Source\Templates\system_stm32f4xx.c 0x00000000   Number         0  system_stm32f4xx.o ABSOLUTE
    ..\Libraries\STM32F4xx_StdPeriph_Driver\src\misc.c 0x00000000   Number         0  misc.o ABSOLUTE
    ..\Libraries\STM32F4xx_StdPeriph_Driver\src\stm32f4xx_adc.c 0x00000000   Number         0  stm32f4xx_adc.o ABSOLUTE
    ..\Libraries\STM32F4xx_StdPeriph_Driver\src\stm32f4xx_can.c 0x00000000   Number         0  stm32f4xx_can.o ABSOLUTE
    ..\Libraries\STM32F4xx_StdPeriph_Driver\src\stm32f4xx_crc.c 0x00000000   Number         0  stm32f4xx_crc.o ABSOLUTE
    ..\Libraries\STM32F4xx_StdPeriph_Driver\src\stm32f4xx_cryp.c 0x00000000   Number         0  stm32f4xx_cryp.o ABSOLUTE
    ..\Libraries\STM32F4xx_StdPeriph_Driver\src\stm32f4xx_cryp_aes.c 0x00000000   Number         0  stm32f4xx_cryp_aes.o ABSOLUTE
    ..\Libraries\STM32F4xx_StdPeriph_Driver\src\stm32f4xx_cryp_des.c 0x00000000   Number         0  stm32f4xx_cryp_des.o ABSOLUTE
    ..\Libraries\STM32F4xx_StdPeriph_Driver\src\stm32f4xx_cryp_tdes.c 0x00000000   Number         0  stm32f4xx_cryp_tdes.o ABSOLUTE
    ..\Libraries\STM32F4xx_StdPeriph_Driver\src\stm32f4xx_dac.c 0x00000000   Number         0  stm32f4xx_dac.o ABSOLUTE
    ..\Libraries\STM32F4xx_StdPeriph_Driver\src\stm32f4xx_dbgmcu.c 0x00000000   Number         0  stm32f4xx_dbgmcu.o ABSOLUTE
    ..\Libraries\STM32F4xx_StdPeriph_Driver\src\stm32f4xx_dcmi.c 0x00000000   Number         0  stm32f4xx_dcmi.o ABSOLUTE
    ..\Libraries\STM32F4xx_StdPeriph_Driver\src\stm32f4xx_dma.c 0x00000000   Number         0  stm32f4xx_dma.o ABSOLUTE
    ..\Libraries\STM32F4xx_StdPeriph_Driver\src\stm32f4xx_exti.c 0x00000000   Number         0  stm32f4xx_exti.o ABSOLUTE
    ..\Libraries\STM32F4xx_StdPeriph_Driver\src\stm32f4xx_flash.c 0x00000000   Number         0  stm32f4xx_flash.o ABSOLUTE
    ..\Libraries\STM32F4xx_StdPeriph_Driver\src\stm32f4xx_fsmc.c 0x00000000   Number         0  stm32f4xx_fsmc.o ABSOLUTE
    ..\Libraries\STM32F4xx_StdPeriph_Driver\src\stm32f4xx_gpio.c 0x00000000   Number         0  stm32f4xx_gpio.o ABSOLUTE
    ..\Libraries\STM32F4xx_StdPeriph_Driver\src\stm32f4xx_hash.c 0x00000000   Number         0  stm32f4xx_hash.o ABSOLUTE
    ..\Libraries\STM32F4xx_StdPeriph_Driver\src\stm32f4xx_hash_md5.c 0x00000000   Number         0  stm32f4xx_hash_md5.o ABSOLUTE
    ..\Libraries\STM32F4xx_StdPeriph_Driver\src\stm32f4xx_hash_sha1.c 0x00000000   Number         0  stm32f4xx_hash_sha1.o ABSOLUTE
    ..\Libraries\STM32F4xx_StdPeriph_Driver\src\stm32f4xx_i2c.c 0x00000000   Number         0  stm32f4xx_i2c.o ABSOLUTE
    ..\Libraries\STM32F4xx_StdPeriph_Driver\src\stm32f4xx_iwdg.c 0x00000000   Number         0  stm32f4xx_iwdg.o ABSOLUTE
    ..\Libraries\STM32F4xx_StdPeriph_Driver\src\stm32f4xx_pwr.c 0x00000000   Number         0  stm32f4xx_pwr.o ABSOLUTE
    ..\Libraries\STM32F4xx_StdPeriph_Driver\src\stm32f4xx_rcc.c 0x00000000   Number         0  stm32f4xx_rcc.o ABSOLUTE
    ..\Libraries\STM32F4xx_StdPeriph_Driver\src\stm32f4xx_rng.c 0x00000000   Number         0  stm32f4xx_rng.o ABSOLUTE
    ..\Libraries\STM32F4xx_StdPeriph_Driver\src\stm32f4xx_rtc.c 0x00000000   Number         0  stm32f4xx_rtc.o ABSOLUTE
    ..\Libraries\STM32F4xx_StdPeriph_Driver\src\stm32f4xx_sdio.c 0x00000000   Number         0  stm32f4xx_sdio.o ABSOLUTE
    ..\Libraries\STM32F4xx_StdPeriph_Driver\src\stm32f4xx_spi.c 0x00000000   Number         0  stm32f4xx_spi.o ABSOLUTE
    ..\Libraries\STM32F4xx_StdPeriph_Driver\src\stm32f4xx_syscfg.c 0x00000000   Number         0  stm32f4xx_syscfg.o ABSOLUTE
    ..\Libraries\STM32F4xx_StdPeriph_Driver\src\stm32f4xx_tim.c 0x00000000   Number         0  stm32f4xx_tim.o ABSOLUTE
    ..\Libraries\STM32F4xx_StdPeriph_Driver\src\stm32f4xx_usart.c 0x00000000   Number         0  stm32f4xx_usart.o ABSOLUTE
    ..\Libraries\STM32F4xx_StdPeriph_Driver\src\stm32f4xx_wwdg.c 0x00000000   Number         0  stm32f4xx_wwdg.o ABSOLUTE
    ..\User\MPU6050.c                        0x00000000   Number         0  mpu6050.o ABSOLUTE
    ..\User\PWM.c                            0x00000000   Number         0  pwm.o ABSOLUTE
    ..\User\USART3.c                         0x00000000   Number         0  usart3.o ABSOLUTE
    ..\User\main.c                           0x00000000   Number         0  main.o ABSOLUTE
    ..\User\mp3.c                            0x00000000   Number         0  mp3.o ABSOLUTE
    ..\User\pic1.c                           0x00000000   Number         0  pic1.o ABSOLUTE
    ..\User\stm32f4xx_it.c                   0x00000000   Number         0  stm32f4xx_it.o ABSOLUTE
    ..\\BaseDrive\\CH455I2C.C                0x00000000   Number         0  ch455i2c.o ABSOLUTE
    ..\\BaseDrive\\DCMotor.c                 0x00000000   Number         0  dcmotor.o ABSOLUTE
    ..\\BaseDrive\\I2C.c                     0x00000000   Number         0  i2c.o ABSOLUTE
    ..\\BaseDrive\\KEY.c                     0x00000000   Number         0  key.o ABSOLUTE
    ..\\BaseDrive\\LED.c                     0x00000000   Number         0  led.o ABSOLUTE
    ..\\BaseDrive\\TIME.c                    0x00000000   Number         0  time.o ABSOLUTE
    ..\\BaseDrive\\delay.c                   0x00000000   Number         0  delay.o ABSOLUTE
    ..\\ExternalDrive\\lcd\\lcd.c            0x00000000   Number         0  lcd.o ABSOLUTE
    ..\\Libraries\\CMSIS\\Device\\ST\\STM32F4xx\\Source\\Templates\\system_stm32f4xx.c 0x00000000   Number         0  system_stm32f4xx.o ABSOLUTE
    ..\\Libraries\\STM32F4xx_StdPeriph_Driver\\src\\misc.c 0x00000000   Number         0  misc.o ABSOLUTE
    ..\\Libraries\\STM32F4xx_StdPeriph_Driver\\src\\stm32f4xx_adc.c 0x00000000   Number         0  stm32f4xx_adc.o ABSOLUTE
    ..\\Libraries\\STM32F4xx_StdPeriph_Driver\\src\\stm32f4xx_can.c 0x00000000   Number         0  stm32f4xx_can.o ABSOLUTE
    ..\\Libraries\\STM32F4xx_StdPeriph_Driver\\src\\stm32f4xx_crc.c 0x00000000   Number         0  stm32f4xx_crc.o ABSOLUTE
    ..\\Libraries\\STM32F4xx_StdPeriph_Driver\\src\\stm32f4xx_cryp.c 0x00000000   Number         0  stm32f4xx_cryp.o ABSOLUTE
    ..\\Libraries\\STM32F4xx_StdPeriph_Driver\\src\\stm32f4xx_cryp_aes.c 0x00000000   Number         0  stm32f4xx_cryp_aes.o ABSOLUTE
    ..\\Libraries\\STM32F4xx_StdPeriph_Driver\\src\\stm32f4xx_cryp_des.c 0x00000000   Number         0  stm32f4xx_cryp_des.o ABSOLUTE
    ..\\Libraries\\STM32F4xx_StdPeriph_Driver\\src\\stm32f4xx_cryp_tdes.c 0x00000000   Number         0  stm32f4xx_cryp_tdes.o ABSOLUTE
    ..\\Libraries\\STM32F4xx_StdPeriph_Driver\\src\\stm32f4xx_dac.c 0x00000000   Number         0  stm32f4xx_dac.o ABSOLUTE
    ..\\Libraries\\STM32F4xx_StdPeriph_Driver\\src\\stm32f4xx_dbgmcu.c 0x00000000   Number         0  stm32f4xx_dbgmcu.o ABSOLUTE
    ..\\Libraries\\STM32F4xx_StdPeriph_Driver\\src\\stm32f4xx_dcmi.c 0x00000000   Number         0  stm32f4xx_dcmi.o ABSOLUTE
    ..\\Libraries\\STM32F4xx_StdPeriph_Driver\\src\\stm32f4xx_dma.c 0x00000000   Number         0  stm32f4xx_dma.o ABSOLUTE
    ..\\Libraries\\STM32F4xx_StdPeriph_Driver\\src\\stm32f4xx_exti.c 0x00000000   Number         0  stm32f4xx_exti.o ABSOLUTE
    ..\\Libraries\\STM32F4xx_StdPeriph_Driver\\src\\stm32f4xx_flash.c 0x00000000   Number         0  stm32f4xx_flash.o ABSOLUTE
    ..\\Libraries\\STM32F4xx_StdPeriph_Driver\\src\\stm32f4xx_fsmc.c 0x00000000   Number         0  stm32f4xx_fsmc.o ABSOLUTE
    ..\\Libraries\\STM32F4xx_StdPeriph_Driver\\src\\stm32f4xx_gpio.c 0x00000000   Number         0  stm32f4xx_gpio.o ABSOLUTE
    ..\\Libraries\\STM32F4xx_StdPeriph_Driver\\src\\stm32f4xx_hash.c 0x00000000   Number         0  stm32f4xx_hash.o ABSOLUTE
    ..\\Libraries\\STM32F4xx_StdPeriph_Driver\\src\\stm32f4xx_hash_md5.c 0x00000000   Number         0  stm32f4xx_hash_md5.o ABSOLUTE
    ..\\Libraries\\STM32F4xx_StdPeriph_Driver\\src\\stm32f4xx_hash_sha1.c 0x00000000   Number         0  stm32f4xx_hash_sha1.o ABSOLUTE
    ..\\Libraries\\STM32F4xx_StdPeriph_Driver\\src\\stm32f4xx_i2c.c 0x00000000   Number         0  stm32f4xx_i2c.o ABSOLUTE
    ..\\Libraries\\STM32F4xx_StdPeriph_Driver\\src\\stm32f4xx_iwdg.c 0x00000000   Number         0  stm32f4xx_iwdg.o ABSOLUTE
    ..\\Libraries\\STM32F4xx_StdPeriph_Driver\\src\\stm32f4xx_pwr.c 0x00000000   Number         0  stm32f4xx_pwr.o ABSOLUTE
    ..\\Libraries\\STM32F4xx_StdPeriph_Driver\\src\\stm32f4xx_rcc.c 0x00000000   Number         0  stm32f4xx_rcc.o ABSOLUTE
    ..\\Libraries\\STM32F4xx_StdPeriph_Driver\\src\\stm32f4xx_rng.c 0x00000000   Number         0  stm32f4xx_rng.o ABSOLUTE
    ..\\Libraries\\STM32F4xx_StdPeriph_Driver\\src\\stm32f4xx_rtc.c 0x00000000   Number         0  stm32f4xx_rtc.o ABSOLUTE
    ..\\Libraries\\STM32F4xx_StdPeriph_Driver\\src\\stm32f4xx_sdio.c 0x00000000   Number         0  stm32f4xx_sdio.o ABSOLUTE
    ..\\Libraries\\STM32F4xx_StdPeriph_Driver\\src\\stm32f4xx_spi.c 0x00000000   Number         0  stm32f4xx_spi.o ABSOLUTE
    ..\\Libraries\\STM32F4xx_StdPeriph_Driver\\src\\stm32f4xx_syscfg.c 0x00000000   Number         0  stm32f4xx_syscfg.o ABSOLUTE
    ..\\Libraries\\STM32F4xx_StdPeriph_Driver\\src\\stm32f4xx_tim.c 0x00000000   Number         0  stm32f4xx_tim.o ABSOLUTE
    ..\\Libraries\\STM32F4xx_StdPeriph_Driver\\src\\stm32f4xx_usart.c 0x00000000   Number         0  stm32f4xx_usart.o ABSOLUTE
    ..\\Libraries\\STM32F4xx_StdPeriph_Driver\\src\\stm32f4xx_wwdg.c 0x00000000   Number         0  stm32f4xx_wwdg.o ABSOLUTE
    ..\\User\\MPU6050.c                      0x00000000   Number         0  mpu6050.o ABSOLUTE
    ..\\User\\PWM.c                          0x00000000   Number         0  pwm.o ABSOLUTE
    ..\\User\\USART3.c                       0x00000000   Number         0  usart3.o ABSOLUTE
    ..\\User\\main.c                         0x00000000   Number         0  main.o ABSOLUTE
    ..\\User\\stm32f4xx_it.c                 0x00000000   Number         0  stm32f4xx_it.o ABSOLUTE
    Charging pile function.c                 0x00000000   Number         0  charging pile function.o ABSOLUTE
    Charging pile function.c                 0x00000000   Number         0  charging pile function.o ABSOLUTE
    cdrcmple.s                               0x00000000   Number         0  cdrcmple.o ABSOLUTE
    dc.s                                     0x00000000   Number         0  dc.o ABSOLUTE
    handlers.s                               0x00000000   Number         0  handlers.o ABSOLUTE
    init.s                                   0x00000000   Number         0  init.o ABSOLUTE
    RESET                                    0x08000000   Section      392  startup_stm32f4xx.o(RESET)
    .ARM.Collect$$$$00000000                 0x08000188   Section        0  entry.o(.ARM.Collect$$$$00000000)
    .ARM.Collect$$$$00000001                 0x08000188   Section        4  entry2.o(.ARM.Collect$$$$00000001)
    .ARM.Collect$$$$00000004                 0x0800018c   Section        4  entry5.o(.ARM.Collect$$$$00000004)
    .ARM.Collect$$$$00000008                 0x08000190   Section        0  entry7b.o(.ARM.Collect$$$$00000008)
    .ARM.Collect$$$$0000000A                 0x08000190   Section        0  entry8b.o(.ARM.Collect$$$$0000000A)
    .ARM.Collect$$$$0000000B                 0x08000190   Section        8  entry9a.o(.ARM.Collect$$$$0000000B)
    .ARM.Collect$$$$0000000D                 0x08000198   Section        0  entry10a.o(.ARM.Collect$$$$0000000D)
    .ARM.Collect$$$$0000000F                 0x08000198   Section        0  entry11a.o(.ARM.Collect$$$$0000000F)
    .ARM.Collect$$$$00002712                 0x08000198   Section        4  entry2.o(.ARM.Collect$$$$00002712)
    __lit__00000000                          0x08000198   Data           4  entry2.o(.ARM.Collect$$$$00002712)
    .text                                    0x0800019c   Section       36  startup_stm32f4xx.o(.text)
    $v0                                      0x0800019c   Number         0  startup_stm32f4xx.o(.text)
    .text                                    0x080001c0   Section        0  memcpya.o(.text)
    .text                                    0x080001e4   Section        0  dadd.o(.text)
    .text                                    0x08000332   Section        0  f2d.o(.text)
    .text                                    0x08000358   Section        0  d2f.o(.text)
    .text                                    0x08000390   Section        0  llshl.o(.text)
    .text                                    0x080003ae   Section        0  llsshr.o(.text)
    .text                                    0x080003d2   Section        0  fepilogue.o(.text)
    .text                                    0x080003d2   Section        0  iusefp.o(.text)
    .text                                    0x08000440   Section        0  depilogue.o(.text)
    .text                                    0x080004fc   Section       36  init.o(.text)
    .text                                    0x08000520   Section        0  llushr.o(.text)
    i.Alarm_GPIO_Configuration               0x08000540   Section        0  ch455i2c.o(i.Alarm_GPIO_Configuration)
    i.BusFault_Handler                       0x080005b4   Section        0  stm32f4xx_it.o(i.BusFault_Handler)
    i.CH455_Read                             0x080005b8   Section        0  ch455i2c.o(i.CH455_Read)
    i.CH455_Write                            0x080005d2   Section        0  ch455i2c.o(i.CH455_Write)
    i.DebugMon_Handler                       0x080005f4   Section        0  stm32f4xx_it.o(i.DebugMon_Handler)
    i.EXTI9_5_IRQHandler                     0x080005f8   Section        0  stm32f4xx_it.o(i.EXTI9_5_IRQHandler)
    i.EXTI_ClearITPendingBit                 0x08000618   Section        0  stm32f4xx_exti.o(i.EXTI_ClearITPendingBit)
    i.EXTI_GetITStatus                       0x08000624   Section        0  stm32f4xx_exti.o(i.EXTI_GetITStatus)
    i.EXTI_Init                              0x0800064c   Section        0  stm32f4xx_exti.o(i.EXTI_Init)
    i.FSMC_NORSRAMCmd                        0x080006e0   Section        0  stm32f4xx_fsmc.o(i.FSMC_NORSRAMCmd)
    i.FSMC_NORSRAMInit                       0x08000714   Section        0  stm32f4xx_fsmc.o(i.FSMC_NORSRAMInit)
    i.GPIO_Init                              0x080007fa   Section        0  stm32f4xx_gpio.o(i.GPIO_Init)
    i.GPIO_PinAFConfig                       0x0800088a   Section        0  stm32f4xx_gpio.o(i.GPIO_PinAFConfig)
    i.GPIO_ReadInputDataBit                  0x080008d0   Section        0  stm32f4xx_gpio.o(i.GPIO_ReadInputDataBit)
    i.GPIO_ResetBits                         0x080008e2   Section        0  stm32f4xx_gpio.o(i.GPIO_ResetBits)
    i.GPIO_SetBits                           0x080008e6   Section        0  stm32f4xx_gpio.o(i.GPIO_SetBits)
    i.HardFault_Handler                      0x080008ea   Section        0  stm32f4xx_it.o(i.HardFault_Handler)
    i.I2C_GPIO_Configuration                 0x080008f0   Section        0  i2c.o(i.I2C_GPIO_Configuration)
    i.I2C_ReceiveACK                         0x08000928   Section        0  i2c.o(i.I2C_ReceiveACK)
    i.I2C_ReceiveByte                        0x08000970   Section        0  i2c.o(i.I2C_ReceiveByte)
    i.I2C_SDA_Input                          0x080009bc   Section        0  i2c.o(i.I2C_SDA_Input)
    i.I2C_SDA_Output                         0x080009e0   Section        0  i2c.o(i.I2C_SDA_Output)
    i.I2C_SendByte                           0x08000a0c   Section        0  i2c.o(i.I2C_SendByte)
    i.I2C_Start                              0x08000a5c   Section        0  i2c.o(i.I2C_Start)
    i.I2C_Stop                               0x08000a90   Section        0  i2c.o(i.I2C_Stop)
    i.I2C_delay                              0x08000ab8   Section        0  i2c.o(i.I2C_delay)
    i.KEYGpio_Init                           0x08000ac4   Section        0  key.o(i.KEYGpio_Init)
    i.KeyScan                                0x08000af4   Section        0  key.o(i.KeyScan)
    i.LCD_Clear                              0x08000bec   Section        0  lcd.o(i.LCD_Clear)
    i.LCD_Display_Dir                        0x08000c20   Section        0  lcd.o(i.LCD_Display_Dir)
    i.LCD_DrawOnrPoint                       0x08000cac   Section        0  lcd.o(i.LCD_DrawOnrPoint)
    i.LCD_DrawPicture                        0x08000cc8   Section        0  lcd.o(i.LCD_DrawPicture)
    i.LCD_DrawPoint                          0x08000d38   Section        0  lcd.o(i.LCD_DrawPoint)
    i.LCD_Fast_DrawPoint                     0x08000d58   Section        0  lcd.o(i.LCD_Fast_DrawPoint)
    i.LCD_Init                               0x08000dc0   Section        0  lcd.o(i.LCD_Init)
    i.LCD_RD_DATA                            0x08001fbc   Section        0  lcd.o(i.LCD_RD_DATA)
    i.LCD_Scan_Dir                           0x08001fd0   Section        0  lcd.o(i.LCD_Scan_Dir)
    i.LCD_SetCursor                          0x08002108   Section        0  lcd.o(i.LCD_SetCursor)
    i.LCD_ShowChar                           0x08002160   Section        0  lcd.o(i.LCD_ShowChar)
    i.LCD_ShowCharString                     0x08002278   Section        0  lcd.o(i.LCD_ShowCharString)
    i.LCD_ShowHzString                       0x080022cc   Section        0  lcd.o(i.LCD_ShowHzString)
    i.LCD_ShowString                         0x08002388   Section        0  lcd.o(i.LCD_ShowString)
    i.LCD_WR_DATA                            0x080023d8   Section        0  lcd.o(i.LCD_WR_DATA)
    i.LCD_WR_REG                             0x080023e4   Section        0  lcd.o(i.LCD_WR_REG)
    i.LCD_WriteRAM                           0x080023f0   Section        0  lcd.o(i.LCD_WriteRAM)
    i.LCD_WriteRAM_Prepare                   0x080023fc   Section        0  lcd.o(i.LCD_WriteRAM_Prepare)
    i.LCD_WriteReg                           0x08002410   Section        0  lcd.o(i.LCD_WriteReg)
    i.LCD_delayms                            0x08002420   Section        0  lcd.o(i.LCD_delayms)
    i.LCD_delayus                            0x08002444   Section        0  lcd.o(i.LCD_delayus)
    i.LEDGpio_Init                           0x08002460   Section        0  led.o(i.LEDGpio_Init)
    i.MemManage_Handler                      0x080024d4   Section        0  stm32f4xx_it.o(i.MemManage_Handler)
    i.NMI_Handler                            0x080024d8   Section        0  stm32f4xx_it.o(i.NMI_Handler)
    i.NVIC_Init                              0x080024dc   Section        0  misc.o(i.NVIC_Init)
    i.NVIC_PriorityGroupConfig               0x08002554   Section        0  misc.o(i.NVIC_PriorityGroupConfig)
    i.PendSV_Handler                         0x08002568   Section        0  stm32f4xx_it.o(i.PendSV_Handler)
    i.RCC_AHB1PeriphClockCmd                 0x0800256c   Section        0  stm32f4xx_rcc.o(i.RCC_AHB1PeriphClockCmd)
    i.RCC_AHB3PeriphClockCmd                 0x0800258c   Section        0  stm32f4xx_rcc.o(i.RCC_AHB3PeriphClockCmd)
    i.RCC_APB1PeriphClockCmd                 0x080025ac   Section        0  stm32f4xx_rcc.o(i.RCC_APB1PeriphClockCmd)
    i.RCC_APB2PeriphClockCmd                 0x080025cc   Section        0  stm32f4xx_rcc.o(i.RCC_APB2PeriphClockCmd)
    i.RCC_GetClocksFreq                      0x080025ec   Section        0  stm32f4xx_rcc.o(i.RCC_GetClocksFreq)
    i.SVC_Handler                            0x080026d4   Section        0  stm32f4xx_it.o(i.SVC_Handler)
    i.SYSCFG_EXTILineConfig                  0x080026d8   Section        0  stm32f4xx_syscfg.o(i.SYSCFG_EXTILineConfig)
    i.SetSysClock                            0x08002718   Section        0  system_stm32f4xx.o(i.SetSysClock)
    SetSysClock                              0x08002719   Thumb Code   220  system_stm32f4xx.o(i.SetSysClock)
    i.SysTick_Handler                        0x08002804   Section        0  stm32f4xx_it.o(i.SysTick_Handler)
    i.SysTick_Init                           0x08002818   Section        0  delay.o(i.SysTick_Init)
    i.SystemInit                             0x08002880   Section        0  system_stm32f4xx.o(i.SystemInit)
    i.TIM2_Configuration                     0x080028e8   Section        0  time.o(i.TIM2_Configuration)
    i.TIM2_IRQHandler                        0x0800295c   Section        0  stm32f4xx_it.o(i.TIM2_IRQHandler)
    i.TIM_ARRPreloadConfig                   0x08002a84   Section        0  stm32f4xx_tim.o(i.TIM_ARRPreloadConfig)
    i.TIM_ClearITPendingBit                  0x08002a9c   Section        0  stm32f4xx_tim.o(i.TIM_ClearITPendingBit)
    i.TIM_Cmd                                0x08002aa2   Section        0  stm32f4xx_tim.o(i.TIM_Cmd)
    i.TIM_GetITStatus                        0x08002aba   Section        0  stm32f4xx_tim.o(i.TIM_GetITStatus)
    i.TIM_ITConfig                           0x08002adc   Section        0  stm32f4xx_tim.o(i.TIM_ITConfig)
    i.TIM_TimeBaseInit                       0x08002af0   Section        0  stm32f4xx_tim.o(i.TIM_TimeBaseInit)
    i.TimingDelay_Decrement                  0x08002b74   Section        0  delay.o(i.TimingDelay_Decrement)
    i.UART3_Configuration                    0x08002b8c   Section        0  usart3.o(i.UART3_Configuration)
    i.UART6_Configuration                    0x08002c30   Section        0  usart3.o(i.UART6_Configuration)
    i.USART6_IRQHandler                      0x08002d04   Section        0  stm32f4xx_it.o(i.USART6_IRQHandler)
    i.USART6_Senddata                        0x08002da0   Section        0  usart3.o(i.USART6_Senddata)
    i.USART_ClearITPendingBit                0x08002dd0   Section        0  stm32f4xx_usart.o(i.USART_ClearITPendingBit)
    i.USART_Cmd                              0x08002dee   Section        0  stm32f4xx_usart.o(i.USART_Cmd)
    i.USART_GetFlagStatus                    0x08002e06   Section        0  stm32f4xx_usart.o(i.USART_GetFlagStatus)
    i.USART_GetITStatus                      0x08002e20   Section        0  stm32f4xx_usart.o(i.USART_GetITStatus)
    i.USART_ITConfig                         0x08002e74   Section        0  stm32f4xx_usart.o(i.USART_ITConfig)
    i.USART_Init                             0x08002ec0   Section        0  stm32f4xx_usart.o(i.USART_Init)
    i.USART_ReceiveData                      0x08002f94   Section        0  stm32f4xx_usart.o(i.USART_ReceiveData)
    i.USART_SendData                         0x08002f9e   Section        0  stm32f4xx_usart.o(i.USART_SendData)
    i.UsageFault_Handler                     0x08002fa6   Section        0  stm32f4xx_it.o(i.UsageFault_Handler)
    i.__scatterload_copy                     0x08002faa   Section       14  handlers.o(i.__scatterload_copy)
    i.__scatterload_null                     0x08002fb8   Section        2  handlers.o(i.__scatterload_null)
    i.__scatterload_zeroinit                 0x08002fba   Section       14  handlers.o(i.__scatterload_zeroinit)
    i.ckcl                                   0x08002fc8   Section        0  charging pile function.o(i.ckcl)
    i.cpapap                                 0x08003054   Section        0  charging pile function.o(i.cpapap)
    i.csd                                    0x08003208   Section        0  charging pile function.o(i.csd)
    i.delay_ms                               0x08003394   Section        0  delay.o(i.delay_ms)
    i.delay_us                               0x080033a8   Section        0  delay.o(i.delay_us)
    i.init_CH455                             0x080033c4   Section        0  ch455i2c.o(i.init_CH455)
    i.main                                   0x080033d0   Section        0  main.o(i.main)
    i.menu1                                  0x08003420   Section        0  charging pile function.o(i.menu1)
    i.menu2                                  0x080034ac   Section        0  charging pile function.o(i.menu2)
    i.menu3                                  0x08003568   Section        0  charging pile function.o(i.menu3)
    i.mp3Play1                               0x08003608   Section        0  mp3.o(i.mp3Play1)
    i.mp3Play10                              0x08003624   Section        0  mp3.o(i.mp3Play10)
    i.mp3Play11                              0x08003640   Section        0  mp3.o(i.mp3Play11)
    i.mp3Play12                              0x0800365c   Section        0  mp3.o(i.mp3Play12)
    i.mp3Play13                              0x08003678   Section        0  mp3.o(i.mp3Play13)
    i.mp3Play14                              0x08003694   Section        0  mp3.o(i.mp3Play14)
    i.mp3Play15                              0x080036b0   Section        0  mp3.o(i.mp3Play15)
    i.mp3Play16                              0x080036cc   Section        0  mp3.o(i.mp3Play16)
    i.mp3Play2                               0x080036e8   Section        0  mp3.o(i.mp3Play2)
    i.mp3Play3                               0x08003704   Section        0  mp3.o(i.mp3Play3)
    i.mp3Play4                               0x08003720   Section        0  mp3.o(i.mp3Play4)
    i.mp3Play5                               0x0800373c   Section        0  mp3.o(i.mp3Play5)
    i.mp3Play6                               0x08003758   Section        0  mp3.o(i.mp3Play6)
    i.mp3Play7                               0x08003774   Section        0  mp3.o(i.mp3Play7)
    i.mp3Play8                               0x08003790   Section        0  mp3.o(i.mp3Play8)
    i.mp3Play9                               0x080037ac   Section        0  mp3.o(i.mp3Play9)
    i.setMp3Dev                              0x080037c8   Section        0  mp3.o(i.setMp3Dev)
    i.setMp3Vol                              0x080037ec   Section        0  mp3.o(i.setMp3Vol)
    i.tdttdito                               0x08003810   Section        0  charging pile function.o(i.tdttdito)
    i.ttotc                                  0x08003834   Section        0  charging pile function.o(i.ttotc)
    .constdata                               0x08003984   Section       16  stm32f4xx_it.o(.constdata)
    .constdata                               0x08003994   Section    48016  pic1.o(.constdata)
    .constdata                               0x0800f524   Section    273696  lcd.o(.constdata)
    .data                                    0x20000000   Section       20  system_stm32f4xx.o(.data)
    .data                                    0x20000014   Section        2  stm32f4xx_it.o(.data)
    .data                                    0x20000016   Section        2  mpu6050.o(.data)
    .data                                    0x20000018   Section       17  charging pile function.o(.data)
    .data                                    0x20000029   Section       16  stm32f4xx_rcc.o(.data)
    APBAHBPrescTable                         0x20000029   Data          16  stm32f4xx_rcc.o(.data)
    .data                                    0x2000003c   Section        4  delay.o(.data)
    .data                                    0x20000040   Section        1  key.o(.data)
    key_up                                   0x20000040   Data           1  key.o(.data)
    .data                                    0x20000042   Section        4  lcd.o(.data)
    i                                        0x20000042   Data           2  lcd.o(.data)
    j                                        0x20000044   Data           2  lcd.o(.data)
    .bss                                     0x20000048   Section       34  stm32f4xx_it.o(.bss)
    .bss                                     0x2000006c   Section      324  usart3.o(.bss)
    .bss                                     0x200001b0   Section       20  mpu6050.o(.bss)
    .bss                                     0x200001c4   Section       17  charging pile function.o(.bss)
    .bss                                     0x200001d6   Section       14  lcd.o(.bss)
    STACK                                    0x200001e8   Section     1024  startup_stm32f4xx.o(STACK)

    Global Symbols

    Symbol Name                              Value     Ov Type        Size  Object(Section)

    BuildAttributes$$THM_ISAv4$E$P$D$K$B$S$7EM$VFPi3$EXTD16$VFPS$VFMA$PE$A:L22UL41UL21$X:L11$S22US41US21$IEEE1$IW$USESV6$~STKCKD$USESV7$~SHL$OTIME$ROPI$EBA8$MICROLIB$REQ8$PRES8$EABIv2 0x00000000   Number         0  anon$$obj.o ABSOLUTE
    __ARM_use_no_argv                        0x00000000   Number         0  main.o ABSOLUTE
    _printf_a                                0x00000000   Number         0  stubs.o ABSOLUTE
    _printf_c                                0x00000000   Number         0  stubs.o ABSOLUTE
    _printf_charcount                        0x00000000   Number         0  stubs.o ABSOLUTE
    _printf_d                                0x00000000   Number         0  stubs.o ABSOLUTE
    _printf_e                                0x00000000   Number         0  stubs.o ABSOLUTE
    _printf_f                                0x00000000   Number         0  stubs.o ABSOLUTE
    _printf_flags                            0x00000000   Number         0  stubs.o ABSOLUTE
    _printf_fp_dec                           0x00000000   Number         0  stubs.o ABSOLUTE
    _printf_fp_hex                           0x00000000   Number         0  stubs.o ABSOLUTE
    _printf_g                                0x00000000   Number         0  stubs.o ABSOLUTE
    _printf_i                                0x00000000   Number         0  stubs.o ABSOLUTE
    _printf_int_dec                          0x00000000   Number         0  stubs.o ABSOLUTE
    _printf_l                                0x00000000   Number         0  stubs.o ABSOLUTE
    _printf_lc                               0x00000000   Number         0  stubs.o ABSOLUTE
    _printf_ll                               0x00000000   Number         0  stubs.o ABSOLUTE
    _printf_lld                              0x00000000   Number         0  stubs.o ABSOLUTE
    _printf_lli                              0x00000000   Number         0  stubs.o ABSOLUTE
    _printf_llo                              0x00000000   Number         0  stubs.o ABSOLUTE
    _printf_llu                              0x00000000   Number         0  stubs.o ABSOLUTE
    _printf_llx                              0x00000000   Number         0  stubs.o ABSOLUTE
    _printf_longlong_dec                     0x00000000   Number         0  stubs.o ABSOLUTE
    _printf_longlong_hex                     0x00000000   Number         0  stubs.o ABSOLUTE
    _printf_longlong_oct                     0x00000000   Number         0  stubs.o ABSOLUTE
    _printf_ls                               0x00000000   Number         0  stubs.o ABSOLUTE
    _printf_mbtowc                           0x00000000   Number         0  stubs.o ABSOLUTE
    _printf_n                                0x00000000   Number         0  stubs.o ABSOLUTE
    _printf_o                                0x00000000   Number         0  stubs.o ABSOLUTE
    _printf_p                                0x00000000   Number         0  stubs.o ABSOLUTE
    _printf_percent                          0x00000000   Number         0  stubs.o ABSOLUTE
    _printf_pre_padding                      0x00000000   Number         0  stubs.o ABSOLUTE
    _printf_return_value                     0x00000000   Number         0  stubs.o ABSOLUTE
    _printf_s                                0x00000000   Number         0  stubs.o ABSOLUTE
    _printf_sizespec                         0x00000000   Number         0  stubs.o ABSOLUTE
    _printf_str                              0x00000000   Number         0  stubs.o ABSOLUTE
    _printf_truncate_signed                  0x00000000   Number         0  stubs.o ABSOLUTE
    _printf_truncate_unsigned                0x00000000   Number         0  stubs.o ABSOLUTE
    _printf_u                                0x00000000   Number         0  stubs.o ABSOLUTE
    _printf_wc                               0x00000000   Number         0  stubs.o ABSOLUTE
    _printf_wctomb                           0x00000000   Number         0  stubs.o ABSOLUTE
    _printf_widthprec                        0x00000000   Number         0  stubs.o ABSOLUTE
    _printf_x                                0x00000000   Number         0  stubs.o ABSOLUTE
    __cpp_initialize__aeabi_                  - Undefined Weak Reference
    __cxa_finalize                            - Undefined Weak Reference
    __decompress                              - Undefined Weak Reference
    _clock_init                               - Undefined Weak Reference
    _microlib_exit                            - Undefined Weak Reference
    __Vectors_Size                           0x00000188   Number         0  startup_stm32f4xx.o ABSOLUTE
    __Vectors                                0x08000000   Data           4  startup_stm32f4xx.o(RESET)
    __Vectors_End                            0x08000188   Data           0  startup_stm32f4xx.o(RESET)
    __main                                   0x08000189   Thumb Code     0  entry.o(.ARM.Collect$$$$00000000)
    _main_stk                                0x08000189   Thumb Code     0  entry2.o(.ARM.Collect$$$$00000001)
    _main_scatterload                        0x0800018d   Thumb Code     0  entry5.o(.ARM.Collect$$$$00000004)
    __main_after_scatterload                 0x08000191   Thumb Code     0  entry5.o(.ARM.Collect$$$$00000004)
    _main_clock                              0x08000191   Thumb Code     0  entry7b.o(.ARM.Collect$$$$00000008)
    _main_cpp_init                           0x08000191   Thumb Code     0  entry8b.o(.ARM.Collect$$$$0000000A)
    _main_init                               0x08000191   Thumb Code     0  entry9a.o(.ARM.Collect$$$$0000000B)
    __rt_final_cpp                           0x08000199   Thumb Code     0  entry10a.o(.ARM.Collect$$$$0000000D)
    __rt_final_exit                          0x08000199   Thumb Code     0  entry11a.o(.ARM.Collect$$$$0000000F)
    Reset_Handler                            0x0800019d   Thumb Code     8  startup_stm32f4xx.o(.text)
    ADC_IRQHandler                           0x080001b7   Thumb Code     0  startup_stm32f4xx.o(.text)
    CAN1_RX0_IRQHandler                      0x080001b7   Thumb Code     0  startup_stm32f4xx.o(.text)
    CAN1_RX1_IRQHandler                      0x080001b7   Thumb Code     0  startup_stm32f4xx.o(.text)
    CAN1_SCE_IRQHandler                      0x080001b7   Thumb Code     0  startup_stm32f4xx.o(.text)
    CAN1_TX_IRQHandler                       0x080001b7   Thumb Code     0  startup_stm32f4xx.o(.text)
    CAN2_RX0_IRQHandler                      0x080001b7   Thumb Code     0  startup_stm32f4xx.o(.text)
    CAN2_RX1_IRQHandler                      0x080001b7   Thumb Code     0  startup_stm32f4xx.o(.text)
    CAN2_SCE_IRQHandler                      0x080001b7   Thumb Code     0  startup_stm32f4xx.o(.text)
    CAN2_TX_IRQHandler                       0x080001b7   Thumb Code     0  startup_stm32f4xx.o(.text)
    CRYP_IRQHandler                          0x080001b7   Thumb Code     0  startup_stm32f4xx.o(.text)
    DCMI_IRQHandler                          0x080001b7   Thumb Code     0  startup_stm32f4xx.o(.text)
    DMA1_Stream0_IRQHandler                  0x080001b7   Thumb Code     0  startup_stm32f4xx.o(.text)
    DMA1_Stream1_IRQHandler                  0x080001b7   Thumb Code     0  startup_stm32f4xx.o(.text)
    DMA1_Stream2_IRQHandler                  0x080001b7   Thumb Code     0  startup_stm32f4xx.o(.text)
    DMA1_Stream3_IRQHandler                  0x080001b7   Thumb Code     0  startup_stm32f4xx.o(.text)
    DMA1_Stream4_IRQHandler                  0x080001b7   Thumb Code     0  startup_stm32f4xx.o(.text)
    DMA1_Stream5_IRQHandler                  0x080001b7   Thumb Code     0  startup_stm32f4xx.o(.text)
    DMA1_Stream6_IRQHandler                  0x080001b7   Thumb Code     0  startup_stm32f4xx.o(.text)
    DMA1_Stream7_IRQHandler                  0x080001b7   Thumb Code     0  startup_stm32f4xx.o(.text)
    DMA2_Stream0_IRQHandler                  0x080001b7   Thumb Code     0  startup_stm32f4xx.o(.text)
    DMA2_Stream1_IRQHandler                  0x080001b7   Thumb Code     0  startup_stm32f4xx.o(.text)
    DMA2_Stream2_IRQHandler                  0x080001b7   Thumb Code     0  startup_stm32f4xx.o(.text)
    DMA2_Stream3_IRQHandler                  0x080001b7   Thumb Code     0  startup_stm32f4xx.o(.text)
    DMA2_Stream4_IRQHandler                  0x080001b7   Thumb Code     0  startup_stm32f4xx.o(.text)
    DMA2_Stream5_IRQHandler                  0x080001b7   Thumb Code     0  startup_stm32f4xx.o(.text)
    DMA2_Stream6_IRQHandler                  0x080001b7   Thumb Code     0  startup_stm32f4xx.o(.text)
    DMA2_Stream7_IRQHandler                  0x080001b7   Thumb Code     0  startup_stm32f4xx.o(.text)
    ETH_IRQHandler                           0x080001b7   Thumb Code     0  startup_stm32f4xx.o(.text)
    ETH_WKUP_IRQHandler                      0x080001b7   Thumb Code     0  startup_stm32f4xx.o(.text)
    EXTI0_IRQHandler                         0x080001b7   Thumb Code     0  startup_stm32f4xx.o(.text)
    EXTI15_10_IRQHandler                     0x080001b7   Thumb Code     0  startup_stm32f4xx.o(.text)
    EXTI1_IRQHandler                         0x080001b7   Thumb Code     0  startup_stm32f4xx.o(.text)
    EXTI2_IRQHandler                         0x080001b7   Thumb Code     0  startup_stm32f4xx.o(.text)
    EXTI3_IRQHandler                         0x080001b7   Thumb Code     0  startup_stm32f4xx.o(.text)
    EXTI4_IRQHandler                         0x080001b7   Thumb Code     0  startup_stm32f4xx.o(.text)
    FLASH_IRQHandler                         0x080001b7   Thumb Code     0  startup_stm32f4xx.o(.text)
    FPU_IRQHandler                           0x080001b7   Thumb Code     0  startup_stm32f4xx.o(.text)
    FSMC_IRQHandler                          0x080001b7   Thumb Code     0  startup_stm32f4xx.o(.text)
    HASH_RNG_IRQHandler                      0x080001b7   Thumb Code     0  startup_stm32f4xx.o(.text)
    I2C1_ER_IRQHandler                       0x080001b7   Thumb Code     0  startup_stm32f4xx.o(.text)
    I2C1_EV_IRQHandler                       0x080001b7   Thumb Code     0  startup_stm32f4xx.o(.text)
    I2C2_ER_IRQHandler                       0x080001b7   Thumb Code     0  startup_stm32f4xx.o(.text)
    I2C2_EV_IRQHandler                       0x080001b7   Thumb Code     0  startup_stm32f4xx.o(.text)
    I2C3_ER_IRQHandler                       0x080001b7   Thumb Code     0  startup_stm32f4xx.o(.text)
    I2C3_EV_IRQHandler                       0x080001b7   Thumb Code     0  startup_stm32f4xx.o(.text)
    OTG_FS_IRQHandler                        0x080001b7   Thumb Code     0  startup_stm32f4xx.o(.text)
    OTG_FS_WKUP_IRQHandler                   0x080001b7   Thumb Code     0  startup_stm32f4xx.o(.text)
    OTG_HS_EP1_IN_IRQHandler                 0x080001b7   Thumb Code     0  startup_stm32f4xx.o(.text)
    OTG_HS_EP1_OUT_IRQHandler                0x080001b7   Thumb Code     0  startup_stm32f4xx.o(.text)
    OTG_HS_IRQHandler                        0x080001b7   Thumb Code     0  startup_stm32f4xx.o(.text)
    OTG_HS_WKUP_IRQHandler                   0x080001b7   Thumb Code     0  startup_stm32f4xx.o(.text)
    PVD_IRQHandler                           0x080001b7   Thumb Code     0  startup_stm32f4xx.o(.text)
    RCC_IRQHandler                           0x080001b7   Thumb Code     0  startup_stm32f4xx.o(.text)
    RTC_Alarm_IRQHandler                     0x080001b7   Thumb Code     0  startup_stm32f4xx.o(.text)
    RTC_WKUP_IRQHandler                      0x080001b7   Thumb Code     0  startup_stm32f4xx.o(.text)
    SDIO_IRQHandler                          0x080001b7   Thumb Code     0  startup_stm32f4xx.o(.text)
    SPI1_IRQHandler                          0x080001b7   Thumb Code     0  startup_stm32f4xx.o(.text)
    SPI2_IRQHandler                          0x080001b7   Thumb Code     0  startup_stm32f4xx.o(.text)
    SPI3_IRQHandler                          0x080001b7   Thumb Code     0  startup_stm32f4xx.o(.text)
    TAMP_STAMP_IRQHandler                    0x080001b7   Thumb Code     0  startup_stm32f4xx.o(.text)
    TIM1_BRK_TIM9_IRQHandler                 0x080001b7   Thumb Code     0  startup_stm32f4xx.o(.text)
    TIM1_CC_IRQHandler                       0x080001b7   Thumb Code     0  startup_stm32f4xx.o(.text)
    TIM1_TRG_COM_TIM11_IRQHandler            0x080001b7   Thumb Code     0  startup_stm32f4xx.o(.text)
    TIM1_UP_TIM10_IRQHandler                 0x080001b7   Thumb Code     0  startup_stm32f4xx.o(.text)
    TIM3_IRQHandler                          0x080001b7   Thumb Code     0  startup_stm32f4xx.o(.text)
    TIM4_IRQHandler                          0x080001b7   Thumb Code     0  startup_stm32f4xx.o(.text)
    TIM5_IRQHandler                          0x080001b7   Thumb Code     0  startup_stm32f4xx.o(.text)
    TIM6_DAC_IRQHandler                      0x080001b7   Thumb Code     0  startup_stm32f4xx.o(.text)
    TIM7_IRQHandler                          0x080001b7   Thumb Code     0  startup_stm32f4xx.o(.text)
    TIM8_BRK_TIM12_IRQHandler                0x080001b7   Thumb Code     0  startup_stm32f4xx.o(.text)
    TIM8_CC_IRQHandler                       0x080001b7   Thumb Code     0  startup_stm32f4xx.o(.text)
    TIM8_TRG_COM_TIM14_IRQHandler            0x080001b7   Thumb Code     0  startup_stm32f4xx.o(.text)
    TIM8_UP_TIM13_IRQHandler                 0x080001b7   Thumb Code     0  startup_stm32f4xx.o(.text)
    UART4_IRQHandler                         0x080001b7   Thumb Code     0  startup_stm32f4xx.o(.text)
    UART5_IRQHandler                         0x080001b7   Thumb Code     0  startup_stm32f4xx.o(.text)
    USART1_IRQHandler                        0x080001b7   Thumb Code     0  startup_stm32f4xx.o(.text)
    USART2_IRQHandler                        0x080001b7   Thumb Code     0  startup_stm32f4xx.o(.text)
    USART3_IRQHandler                        0x080001b7   Thumb Code     0  startup_stm32f4xx.o(.text)
    WWDG_IRQHandler                          0x080001b7   Thumb Code     0  startup_stm32f4xx.o(.text)
    __aeabi_memcpy                           0x080001c1   Thumb Code    36  memcpya.o(.text)
    __aeabi_memcpy4                          0x080001c1   Thumb Code     0  memcpya.o(.text)
    __aeabi_memcpy8                          0x080001c1   Thumb Code     0  memcpya.o(.text)
    __aeabi_dadd                             0x080001e5   Thumb Code   322  dadd.o(.text)
    __aeabi_dsub                             0x08000327   Thumb Code     6  dadd.o(.text)
    __aeabi_drsub                            0x0800032d   Thumb Code     6  dadd.o(.text)
    __aeabi_f2d                              0x08000333   Thumb Code    38  f2d.o(.text)
    __aeabi_d2f                              0x08000359   Thumb Code    56  d2f.o(.text)
    __aeabi_llsl                             0x08000391   Thumb Code    30  llshl.o(.text)
    _ll_shift_l                              0x08000391   Thumb Code     0  llshl.o(.text)
    __aeabi_lasr                             0x080003af   Thumb Code    36  llsshr.o(.text)
    _ll_sshift_r                             0x080003af   Thumb Code     0  llsshr.o(.text)
    __I$use$fp                               0x080003d3   Thumb Code     0  iusefp.o(.text)
    _float_round                             0x080003d3   Thumb Code    18  fepilogue.o(.text)
    _float_epilogue                          0x080003e5   Thumb Code    92  fepilogue.o(.text)
    _double_round                            0x08000441   Thumb Code    30  depilogue.o(.text)
    _double_epilogue                         0x0800045f   Thumb Code   156  depilogue.o(.text)
    __scatterload                            0x080004fd   Thumb Code    28  init.o(.text)
    __scatterload_rt2                        0x080004fd   Thumb Code     0  init.o(.text)
    __aeabi_llsr                             0x08000521   Thumb Code    32  llushr.o(.text)
    _ll_ushift_r                             0x08000521   Thumb Code     0  llushr.o(.text)
    Alarm_GPIO_Configuration                 0x08000541   Thumb Code   112  ch455i2c.o(i.Alarm_GPIO_Configuration)
    BusFault_Handler                         0x080005b5   Thumb Code     4  stm32f4xx_it.o(i.BusFault_Handler)
    CH455_Read                               0x080005b9   Thumb Code    26  ch455i2c.o(i.CH455_Read)
    CH455_Write                              0x080005d3   Thumb Code    34  ch455i2c.o(i.CH455_Write)
    DebugMon_Handler                         0x080005f5   Thumb Code     2  stm32f4xx_it.o(i.DebugMon_Handler)
    EXTI9_5_IRQHandler                       0x080005f9   Thumb Code    26  stm32f4xx_it.o(i.EXTI9_5_IRQHandler)
    EXTI_ClearITPendingBit                   0x08000619   Thumb Code     6  stm32f4xx_exti.o(i.EXTI_ClearITPendingBit)
    EXTI_GetITStatus                         0x08000625   Thumb Code    34  stm32f4xx_exti.o(i.EXTI_GetITStatus)
    EXTI_Init                                0x0800064d   Thumb Code   142  stm32f4xx_exti.o(i.EXTI_Init)
    FSMC_NORSRAMCmd                          0x080006e1   Thumb Code    46  stm32f4xx_fsmc.o(i.FSMC_NORSRAMCmd)
    FSMC_NORSRAMInit                         0x08000715   Thumb Code   230  stm32f4xx_fsmc.o(i.FSMC_NORSRAMInit)
    GPIO_Init                                0x080007fb   Thumb Code   144  stm32f4xx_gpio.o(i.GPIO_Init)
    GPIO_PinAFConfig                         0x0800088b   Thumb Code    70  stm32f4xx_gpio.o(i.GPIO_PinAFConfig)
    GPIO_ReadInputDataBit                    0x080008d1   Thumb Code    18  stm32f4xx_gpio.o(i.GPIO_ReadInputDataBit)
    GPIO_ResetBits                           0x080008e3   Thumb Code     4  stm32f4xx_gpio.o(i.GPIO_ResetBits)
    GPIO_SetBits                             0x080008e7   Thumb Code     4  stm32f4xx_gpio.o(i.GPIO_SetBits)
    HardFault_Handler                        0x080008eb   Thumb Code     4  stm32f4xx_it.o(i.HardFault_Handler)
    I2C_GPIO_Configuration                   0x080008f1   Thumb Code    52  i2c.o(i.I2C_GPIO_Configuration)
    I2C_ReceiveACK                           0x08000929   Thumb Code    66  i2c.o(i.I2C_ReceiveACK)
    I2C_ReceiveByte                          0x08000971   Thumb Code    70  i2c.o(i.I2C_ReceiveByte)
    I2C_SDA_Input                            0x080009bd   Thumb Code    30  i2c.o(i.I2C_SDA_Input)
    I2C_SDA_Output                           0x080009e1   Thumb Code    40  i2c.o(i.I2C_SDA_Output)
    I2C_SendByte                             0x08000a0d   Thumb Code    74  i2c.o(i.I2C_SendByte)
    I2C_Start                                0x08000a5d   Thumb Code    48  i2c.o(i.I2C_Start)
    I2C_Stop                                 0x08000a91   Thumb Code    36  i2c.o(i.I2C_Stop)
    I2C_delay                                0x08000ab9   Thumb Code    10  i2c.o(i.I2C_delay)
    KEYGpio_Init                             0x08000ac5   Thumb Code    44  key.o(i.KEYGpio_Init)
    KeyScan                                  0x08000af5   Thumb Code   240  key.o(i.KeyScan)
    LCD_Clear                                0x08000bed   Thumb Code    42  lcd.o(i.LCD_Clear)
    LCD_Display_Dir                          0x08000c21   Thumb Code   136  lcd.o(i.LCD_Display_Dir)
    LCD_DrawOnrPoint                         0x08000cad   Thumb Code    28  lcd.o(i.LCD_DrawOnrPoint)
    LCD_DrawPicture                          0x08000cc9   Thumb Code   102  lcd.o(i.LCD_DrawPicture)
    LCD_DrawPoint                            0x08000d39   Thumb Code    26  lcd.o(i.LCD_DrawPoint)
    LCD_Fast_DrawPoint                       0x08000d59   Thumb Code    96  lcd.o(i.LCD_Fast_DrawPoint)
    LCD_Init                                 0x08000dc1   Thumb Code  4600  lcd.o(i.LCD_Init)
    LCD_RD_DATA                              0x08001fbd   Thumb Code    14  lcd.o(i.LCD_RD_DATA)
    LCD_Scan_Dir                             0x08001fd1   Thumb Code   306  lcd.o(i.LCD_Scan_Dir)
    LCD_SetCursor                            0x08002109   Thumb Code    84  lcd.o(i.LCD_SetCursor)
    LCD_ShowChar                             0x08002161   Thumb Code   264  lcd.o(i.LCD_ShowChar)
    LCD_ShowCharString                       0x08002279   Thumb Code    78  lcd.o(i.LCD_ShowCharString)
    LCD_ShowHzString                         0x080022cd   Thumb Code   184  lcd.o(i.LCD_ShowHzString)
    LCD_ShowString                           0x08002389   Thumb Code    78  lcd.o(i.LCD_ShowString)
    LCD_WR_DATA                              0x080023d9   Thumb Code     6  lcd.o(i.LCD_WR_DATA)
    LCD_WR_REG                               0x080023e5   Thumb Code     6  lcd.o(i.LCD_WR_REG)
    LCD_WriteRAM                             0x080023f1   Thumb Code     6  lcd.o(i.LCD_WriteRAM)
    LCD_WriteRAM_Prepare                     0x080023fd   Thumb Code    10  lcd.o(i.LCD_WriteRAM_Prepare)
    LCD_WriteReg                             0x08002411   Thumb Code    10  lcd.o(i.LCD_WriteReg)
    LCD_delayms                              0x08002421   Thumb Code    36  lcd.o(i.LCD_delayms)
    LCD_delayus                              0x08002445   Thumb Code    28  lcd.o(i.LCD_delayus)
    LEDGpio_Init                             0x08002461   Thumb Code   112  led.o(i.LEDGpio_Init)
    MemManage_Handler                        0x080024d5   Thumb Code     4  stm32f4xx_it.o(i.MemManage_Handler)
    NMI_Handler                              0x080024d9   Thumb Code     2  stm32f4xx_it.o(i.NMI_Handler)
    NVIC_Init                                0x080024dd   Thumb Code   106  misc.o(i.NVIC_Init)
    NVIC_PriorityGroupConfig                 0x08002555   Thumb Code    10  misc.o(i.NVIC_PriorityGroupConfig)
    PendSV_Handler                           0x08002569   Thumb Code     2  stm32f4xx_it.o(i.PendSV_Handler)
    RCC_AHB1PeriphClockCmd                   0x0800256d   Thumb Code    26  stm32f4xx_rcc.o(i.RCC_AHB1PeriphClockCmd)
    RCC_AHB3PeriphClockCmd                   0x0800258d   Thumb Code    26  stm32f4xx_rcc.o(i.RCC_AHB3PeriphClockCmd)
    RCC_APB1PeriphClockCmd                   0x080025ad   Thumb Code    26  stm32f4xx_rcc.o(i.RCC_APB1PeriphClockCmd)
    RCC_APB2PeriphClockCmd                   0x080025cd   Thumb Code    26  stm32f4xx_rcc.o(i.RCC_APB2PeriphClockCmd)
    RCC_GetClocksFreq                        0x080025ed   Thumb Code   214  stm32f4xx_rcc.o(i.RCC_GetClocksFreq)
    SVC_Handler                              0x080026d5   Thumb Code     2  stm32f4xx_it.o(i.SVC_Handler)
    SYSCFG_EXTILineConfig                    0x080026d9   Thumb Code    60  stm32f4xx_syscfg.o(i.SYSCFG_EXTILineConfig)
    SysTick_Handler                          0x08002805   Thumb Code    16  stm32f4xx_it.o(i.SysTick_Handler)
    SysTick_Init                             0x08002819   Thumb Code    92  delay.o(i.SysTick_Init)
    SystemInit                               0x08002881   Thumb Code    88  system_stm32f4xx.o(i.SystemInit)
    TIM2_Configuration                       0x080028e9   Thumb Code   116  time.o(i.TIM2_Configuration)
    TIM2_IRQHandler                          0x0800295d   Thumb Code   266  stm32f4xx_it.o(i.TIM2_IRQHandler)
    TIM_ARRPreloadConfig                     0x08002a85   Thumb Code    24  stm32f4xx_tim.o(i.TIM_ARRPreloadConfig)
    TIM_ClearITPendingBit                    0x08002a9d   Thumb Code     6  stm32f4xx_tim.o(i.TIM_ClearITPendingBit)
    TIM_Cmd                                  0x08002aa3   Thumb Code    24  stm32f4xx_tim.o(i.TIM_Cmd)
    TIM_GetITStatus                          0x08002abb   Thumb Code    34  stm32f4xx_tim.o(i.TIM_GetITStatus)
    TIM_ITConfig                             0x08002add   Thumb Code    18  stm32f4xx_tim.o(i.TIM_ITConfig)
    TIM_TimeBaseInit                         0x08002af1   Thumb Code   104  stm32f4xx_tim.o(i.TIM_TimeBaseInit)
    TimingDelay_Decrement                    0x08002b75   Thumb Code    18  delay.o(i.TimingDelay_Decrement)
    UART3_Configuration                      0x08002b8d   Thumb Code   154  usart3.o(i.UART3_Configuration)
    UART6_Configuration                      0x08002c31   Thumb Code   194  usart3.o(i.UART6_Configuration)
    USART6_IRQHandler                        0x08002d05   Thumb Code   138  stm32f4xx_it.o(i.USART6_IRQHandler)
    USART6_Senddata                          0x08002da1   Thumb Code    42  usart3.o(i.USART6_Senddata)
    USART_ClearITPendingBit                  0x08002dd1   Thumb Code    30  stm32f4xx_usart.o(i.USART_ClearITPendingBit)
    USART_Cmd                                0x08002def   Thumb Code    24  stm32f4xx_usart.o(i.USART_Cmd)
    USART_GetFlagStatus                      0x08002e07   Thumb Code    26  stm32f4xx_usart.o(i.USART_GetFlagStatus)
    USART_GetITStatus                        0x08002e21   Thumb Code    84  stm32f4xx_usart.o(i.USART_GetITStatus)
    USART_ITConfig                           0x08002e75   Thumb Code    74  stm32f4xx_usart.o(i.USART_ITConfig)
    USART_Init                               0x08002ec1   Thumb Code   204  stm32f4xx_usart.o(i.USART_Init)
    USART_ReceiveData                        0x08002f95   Thumb Code    10  stm32f4xx_usart.o(i.USART_ReceiveData)
    USART_SendData                           0x08002f9f   Thumb Code     8  stm32f4xx_usart.o(i.USART_SendData)
    UsageFault_Handler                       0x08002fa7   Thumb Code     4  stm32f4xx_it.o(i.UsageFault_Handler)
    __scatterload_copy                       0x08002fab   Thumb Code    14  handlers.o(i.__scatterload_copy)
    __scatterload_null                       0x08002fb9   Thumb Code     2  handlers.o(i.__scatterload_null)
    __scatterload_zeroinit                   0x08002fbb   Thumb Code    14  handlers.o(i.__scatterload_zeroinit)
    ckcl                                     0x08002fc9   Thumb Code   130  charging pile function.o(i.ckcl)
    cpapap                                   0x08003055   Thumb Code   420  charging pile function.o(i.cpapap)
    csd                                      0x08003209   Thumb Code   330  charging pile function.o(i.csd)
    delay_ms                                 0x08003395   Thumb Code    16  delay.o(i.delay_ms)
    delay_us                                 0x080033a9   Thumb Code    28  delay.o(i.delay_us)
    init_CH455                               0x080033c5   Thumb Code    12  ch455i2c.o(i.init_CH455)
    main                                     0x080033d1   Thumb Code    78  main.o(i.main)
    menu1                                    0x08003421   Thumb Code    82  charging pile function.o(i.menu1)
    menu2                                    0x080034ad   Thumb Code   148  charging pile function.o(i.menu2)
    menu3                                    0x08003569   Thumb Code   126  charging pile function.o(i.menu3)
    mp3Play1                                 0x08003609   Thumb Code    20  mp3.o(i.mp3Play1)
    mp3Play10                                0x08003625   Thumb Code    20  mp3.o(i.mp3Play10)
    mp3Play11                                0x08003641   Thumb Code    20  mp3.o(i.mp3Play11)
    mp3Play12                                0x0800365d   Thumb Code    20  mp3.o(i.mp3Play12)
    mp3Play13                                0x08003679   Thumb Code    20  mp3.o(i.mp3Play13)
    mp3Play14                                0x08003695   Thumb Code    20  mp3.o(i.mp3Play14)
    mp3Play15                                0x080036b1   Thumb Code    20  mp3.o(i.mp3Play15)
    mp3Play16                                0x080036cd   Thumb Code    20  mp3.o(i.mp3Play16)
    mp3Play2                                 0x080036e9   Thumb Code    20  mp3.o(i.mp3Play2)
    mp3Play3                                 0x08003705   Thumb Code    20  mp3.o(i.mp3Play3)
    mp3Play4                                 0x08003721   Thumb Code    20  mp3.o(i.mp3Play4)
    mp3Play5                                 0x0800373d   Thumb Code    20  mp3.o(i.mp3Play5)
    mp3Play6                                 0x08003759   Thumb Code    20  mp3.o(i.mp3Play6)
    mp3Play7                                 0x08003775   Thumb Code    20  mp3.o(i.mp3Play7)
    mp3Play8                                 0x08003791   Thumb Code    20  mp3.o(i.mp3Play8)
    mp3Play9                                 0x080037ad   Thumb Code    20  mp3.o(i.mp3Play9)
    setMp3Dev                                0x080037c9   Thumb Code    26  mp3.o(i.setMp3Dev)
    setMp3Vol                                0x080037ed   Thumb Code    26  mp3.o(i.setMp3Vol)
    tdttdito                                 0x08003811   Thumb Code    36  charging pile function.o(i.tdttdito)
    ttotc                                    0x08003835   Thumb Code   298  charging pile function.o(i.ttotc)
    BCD_decode_tab2                          0x08003984   Data          16  stm32f4xx_it.o(.constdata)
    gImage_123                               0x08003994   Data       24008  pic1.o(.constdata)
    gImage_456                               0x0800975c   Data       24008  pic1.o(.constdata)
    Hzk16                                    0x0800f524   Data       267616  lcd.o(.constdata)
    asc2_1206                                0x08050a84   Data        1140  lcd.o(.constdata)
    asc2_1608                                0x08050ef8   Data        1520  lcd.o(.constdata)
    asc2_2412                                0x080514e8   Data        3420  lcd.o(.constdata)
    Region$$Table$$Base                      0x08052244   Number         0  anon$$obj.o(Region$$Table)
    Region$$Table$$Limit                     0x08052264   Number         0  anon$$obj.o(Region$$Table)
    SystemCoreClock                          0x20000000   Data           4  system_stm32f4xx.o(.data)
    AHBPrescTable                            0x20000004   Data          16  system_stm32f4xx.o(.data)
    k                                        0x20000014   Data           1  stm32f4xx_it.o(.data)
    c                                        0x20000015   Data           1  stm32f4xx_it.o(.data)
    display_flag                             0x20000016   Data           1  mpu6050.o(.data)
    flag                                     0x20000017   Data           1  mpu6050.o(.data)
    Int_flag                                 0x20000018   Data           1  charging pile function.o(.data)
    ch455_key                                0x20000019   Data           1  charging pile function.o(.data)
    key                                      0x2000001a   Data           1  charging pile function.o(.data)
    i                                        0x2000001b   Data           1  charging pile function.o(.data)
    time                                     0x2000001c   Data           1  charging pile function.o(.data)
    showH                                    0x2000001d   Data           2  charging pile function.o(.data)
    showL                                    0x2000001f   Data           2  charging pile function.o(.data)
    a                                        0x20000024   Data           4  charging pile function.o(.data)
    b                                        0x20000028   Data           1  charging pile function.o(.data)
    TimingDelay                              0x2000003c   Data           4  delay.o(.data)
    sec                                      0x20000048   Data          17  stm32f4xx_it.o(.bss)
    min                                      0x20000059   Data          17  stm32f4xx_it.o(.bss)
    Uart6ReceiveBuf                          0x2000006c   Data         300  usart3.o(.bss)
    Uart3                                    0x20000198   Data          12  usart3.o(.bss)
    Uart6                                    0x200001a4   Data          12  usart3.o(.bss)
    databuf                                  0x200001b0   Data          20  mpu6050.o(.bss)
    flag1                                    0x200001c4   Data          17  charging pile function.o(.bss)
    lcddev                                   0x200001d6   Data          14  lcd.o(.bss)
    __initial_sp                             0x200005e8   Data           0  startup_stm32f4xx.o(STACK)



==============================================================================

Memory Map of the image

  Image Entry point : 0x08000189

  Load Region LR_IROM1 (Base: 0x08000000, Size: 0x000522ac, Max: 0x00100000, ABSOLUTE)

    Execution Region ER_IROM1 (Base: 0x08000000, Size: 0x00052264, Max: 0x00100000, ABSOLUTE)

    Base Addr    Size         Type   Attr      Idx    E Section Name        Object

    0x08000000   0x00000188   Data   RO          139    RESET               startup_stm32f4xx.o
    0x08000188   0x00000000   Code   RO         4893  * .ARM.Collect$$$$00000000  mc_w.l(entry.o)
    0x08000188   0x00000004   Code   RO         5173    .ARM.Collect$$$$00000001  mc_w.l(entry2.o)
    0x0800018c   0x00000004   Code   RO         5176    .ARM.Collect$$$$00000004  mc_w.l(entry5.o)
    0x08000190   0x00000000   Code   RO         5178    .ARM.Collect$$$$00000008  mc_w.l(entry7b.o)
    0x08000190   0x00000000   Code   RO         5180    .ARM.Collect$$$$0000000A  mc_w.l(entry8b.o)
    0x08000190   0x00000008   Code   RO         5181    .ARM.Collect$$$$0000000B  mc_w.l(entry9a.o)
    0x08000198   0x00000000   Code   RO         5183    .ARM.Collect$$$$0000000D  mc_w.l(entry10a.o)
    0x08000198   0x00000000   Code   RO         5185    .ARM.Collect$$$$0000000F  mc_w.l(entry11a.o)
    0x08000198   0x00000004   Code   RO         5174    .ARM.Collect$$$$00002712  mc_w.l(entry2.o)
    0x0800019c   0x00000024   Code   RO          140    .text               startup_stm32f4xx.o
    0x080001c0   0x00000024   Code   RO         4896    .text               mc_w.l(memcpya.o)
    0x080001e4   0x0000014e   Code   RO         5161    .text               mf_w.l(dadd.o)
    0x08000332   0x00000026   Code   RO         5169    .text               mf_w.l(f2d.o)
    0x08000358   0x00000038   Code   RO         5171    .text               mf_w.l(d2f.o)
    0x08000390   0x0000001e   Code   RO         5192    .text               mc_w.l(llshl.o)
    0x080003ae   0x00000024   Code   RO         5194    .text               mc_w.l(llsshr.o)
    0x080003d2   0x00000000   Code   RO         5196    .text               mc_w.l(iusefp.o)
    0x080003d2   0x0000006e   Code   RO         5197    .text               mf_w.l(fepilogue.o)
    0x08000440   0x000000ba   Code   RO         5199    .text               mf_w.l(depilogue.o)
    0x080004fa   0x00000002   PAD
    0x080004fc   0x00000024   Code   RO         5205    .text               mc_w.l(init.o)
    0x08000520   0x00000020   Code   RO         5207    .text               mc_w.l(llushr.o)
    0x08000540   0x00000074   Code   RO          336    i.Alarm_GPIO_Configuration  ch455i2c.o
    0x080005b4   0x00000004   Code   RO          226    i.BusFault_Handler  stm32f4xx_it.o
    0x080005b8   0x0000001a   Code   RO          337    i.CH455_Read        ch455i2c.o
    0x080005d2   0x00000022   Code   RO          338    i.CH455_Write       ch455i2c.o
    0x080005f4   0x00000002   Code   RO          227    i.DebugMon_Handler  stm32f4xx_it.o
    0x080005f6   0x00000002   PAD
    0x080005f8   0x00000020   Code   RO          228    i.EXTI9_5_IRQHandler  stm32f4xx_it.o
    0x08000618   0x0000000c   Code   RO         1772    i.EXTI_ClearITPendingBit  stm32f4xx_exti.o
    0x08000624   0x00000028   Code   RO         1776    i.EXTI_GetITStatus  stm32f4xx_exti.o
    0x0800064c   0x00000094   Code   RO         1777    i.EXTI_Init         stm32f4xx_exti.o
    0x080006e0   0x00000034   Code   RO         2030    i.FSMC_NORSRAMCmd   stm32f4xx_fsmc.o
    0x08000714   0x000000e6   Code   RO         2032    i.FSMC_NORSRAMInit  stm32f4xx_fsmc.o
    0x080007fa   0x00000090   Code   RO         2144    i.GPIO_Init         stm32f4xx_gpio.o
    0x0800088a   0x00000046   Code   RO         2145    i.GPIO_PinAFConfig  stm32f4xx_gpio.o
    0x080008d0   0x00000012   Code   RO         2148    i.GPIO_ReadInputDataBit  stm32f4xx_gpio.o
    0x080008e2   0x00000004   Code   RO         2151    i.GPIO_ResetBits    stm32f4xx_gpio.o
    0x080008e6   0x00000004   Code   RO         2152    i.GPIO_SetBits      stm32f4xx_gpio.o
    0x080008ea   0x00000004   Code   RO          229    i.HardFault_Handler  stm32f4xx_it.o
    0x080008ee   0x00000002   PAD
    0x080008f0   0x00000038   Code   RO          379    i.I2C_GPIO_Configuration  i2c.o
    0x08000928   0x00000048   Code   RO          380    i.I2C_ReceiveACK    i2c.o
    0x08000970   0x0000004c   Code   RO          381    i.I2C_ReceiveByte   i2c.o
    0x080009bc   0x00000024   Code   RO          382    i.I2C_SDA_Input     i2c.o
    0x080009e0   0x0000002c   Code   RO          383    i.I2C_SDA_Output    i2c.o
    0x08000a0c   0x00000050   Code   RO          385    i.I2C_SendByte      i2c.o
    0x08000a5c   0x00000034   Code   RO          386    i.I2C_Start         i2c.o
    0x08000a90   0x00000028   Code   RO          387    i.I2C_Stop          i2c.o
    0x08000ab8   0x0000000a   Code   RO          388    i.I2C_delay         i2c.o
    0x08000ac2   0x00000002   PAD
    0x08000ac4   0x00000030   Code   RO         4650    i.KEYGpio_Init      key.o
    0x08000af4   0x000000f8   Code   RO         4651    i.KeyScan           key.o
    0x08000bec   0x00000034   Code   RO         4727    i.LCD_Clear         lcd.o
    0x08000c20   0x0000008c   Code   RO         4728    i.LCD_Display_Dir   lcd.o
    0x08000cac   0x0000001c   Code   RO         4730    i.LCD_DrawOnrPoint  lcd.o
    0x08000cc8   0x00000070   Code   RO         4731    i.LCD_DrawPicture   lcd.o
    0x08000d38   0x00000020   Code   RO         4732    i.LCD_DrawPoint     lcd.o
    0x08000d58   0x00000068   Code   RO         4734    i.LCD_Fast_DrawPoint  lcd.o
    0x08000dc0   0x000011fc   Code   RO         4735    i.LCD_Init          lcd.o
    0x08001fbc   0x00000014   Code   RO         4736    i.LCD_RD_DATA       lcd.o
    0x08001fd0   0x00000138   Code   RO         4738    i.LCD_Scan_Dir      lcd.o
    0x08002108   0x00000058   Code   RO         4739    i.LCD_SetCursor     lcd.o
    0x08002160   0x00000118   Code   RO         4740    i.LCD_ShowChar      lcd.o
    0x08002278   0x00000054   Code   RO         4741    i.LCD_ShowCharString  lcd.o
    0x080022cc   0x000000bc   Code   RO         4742    i.LCD_ShowHzString  lcd.o
    0x08002388   0x0000004e   Code   RO         4743    i.LCD_ShowString    lcd.o
    0x080023d6   0x00000002   PAD
    0x080023d8   0x0000000c   Code   RO         4744    i.LCD_WR_DATA       lcd.o
    0x080023e4   0x0000000c   Code   RO         4745    i.LCD_WR_REG        lcd.o
    0x080023f0   0x0000000c   Code   RO         4746    i.LCD_WriteRAM      lcd.o
    0x080023fc   0x00000014   Code   RO         4747    i.LCD_WriteRAM_Prepare  lcd.o
    0x08002410   0x00000010   Code   RO         4748    i.LCD_WriteReg      lcd.o
    0x08002420   0x00000024   Code   RO         4749    i.LCD_delayms       lcd.o
    0x08002444   0x0000001c   Code   RO         4750    i.LCD_delayus       lcd.o
    0x08002460   0x00000074   Code   RO         4673    i.LEDGpio_Init      led.o
    0x080024d4   0x00000004   Code   RO          230    i.MemManage_Handler  stm32f4xx_it.o
    0x080024d8   0x00000002   Code   RO          231    i.NMI_Handler       stm32f4xx_it.o
    0x080024da   0x00000002   PAD
    0x080024dc   0x00000078   Code   RO          728    i.NVIC_Init         misc.o
    0x08002554   0x00000014   Code   RO          729    i.NVIC_PriorityGroupConfig  misc.o
    0x08002568   0x00000002   Code   RO          232    i.PendSV_Handler    stm32f4xx_it.o
    0x0800256a   0x00000002   PAD
    0x0800256c   0x00000020   Code   RO         2729    i.RCC_AHB1PeriphClockCmd  stm32f4xx_rcc.o
    0x0800258c   0x00000020   Code   RO         2735    i.RCC_AHB3PeriphClockCmd  stm32f4xx_rcc.o
    0x080025ac   0x00000020   Code   RO         2738    i.RCC_APB1PeriphClockCmd  stm32f4xx_rcc.o
    0x080025cc   0x00000020   Code   RO         2741    i.RCC_APB2PeriphClockCmd  stm32f4xx_rcc.o
    0x080025ec   0x000000e8   Code   RO         2750    i.RCC_GetClocksFreq  stm32f4xx_rcc.o
    0x080026d4   0x00000002   Code   RO          233    i.SVC_Handler       stm32f4xx_it.o
    0x080026d6   0x00000002   PAD
    0x080026d8   0x00000040   Code   RO         3766    i.SYSCFG_EXTILineConfig  stm32f4xx_syscfg.o
    0x08002718   0x000000ec   Code   RO            2    i.SetSysClock       system_stm32f4xx.o
    0x08002804   0x00000014   Code   RO          234    i.SysTick_Handler   stm32f4xx_it.o
    0x08002818   0x00000068   Code   RO         4609    i.SysTick_Init      delay.o
    0x08002880   0x00000068   Code   RO            4    i.SystemInit        system_stm32f4xx.o
    0x080028e8   0x00000074   Code   RO         4711    i.TIM2_Configuration  time.o
    0x0800295c   0x00000128   Code   RO          235    i.TIM2_IRQHandler   stm32f4xx_it.o
    0x08002a84   0x00000018   Code   RO         3813    i.TIM_ARRPreloadConfig  stm32f4xx_tim.o
    0x08002a9c   0x00000006   Code   RO         3820    i.TIM_ClearITPendingBit  stm32f4xx_tim.o
    0x08002aa2   0x00000018   Code   RO         3825    i.TIM_Cmd           stm32f4xx_tim.o
    0x08002aba   0x00000022   Code   RO         3846    i.TIM_GetITStatus   stm32f4xx_tim.o
    0x08002adc   0x00000012   Code   RO         3850    i.TIM_ITConfig      stm32f4xx_tim.o
    0x08002aee   0x00000002   PAD
    0x08002af0   0x00000084   Code   RO         3897    i.TIM_TimeBaseInit  stm32f4xx_tim.o
    0x08002b74   0x00000018   Code   RO         4610    i.TimingDelay_Decrement  delay.o
    0x08002b8c   0x000000a4   Code   RO          582    i.UART3_Configuration  usart3.o
    0x08002c30   0x000000d4   Code   RO          583    i.UART6_Configuration  usart3.o
    0x08002d04   0x0000009c   Code   RO          236    i.USART6_IRQHandler  stm32f4xx_it.o
    0x08002da0   0x00000030   Code   RO          585    i.USART6_Senddata   usart3.o
    0x08002dd0   0x0000001e   Code   RO         4368    i.USART_ClearITPendingBit  stm32f4xx_usart.o
    0x08002dee   0x00000018   Code   RO         4371    i.USART_Cmd         stm32f4xx_usart.o
    0x08002e06   0x0000001a   Code   RO         4374    i.USART_GetFlagStatus  stm32f4xx_usart.o
    0x08002e20   0x00000054   Code   RO         4375    i.USART_GetITStatus  stm32f4xx_usart.o
    0x08002e74   0x0000004a   Code   RO         4377    i.USART_ITConfig    stm32f4xx_usart.o
    0x08002ebe   0x00000002   PAD
    0x08002ec0   0x000000d4   Code   RO         4378    i.USART_Init        stm32f4xx_usart.o
    0x08002f94   0x0000000a   Code   RO         4385    i.USART_ReceiveData  stm32f4xx_usart.o
    0x08002f9e   0x00000008   Code   RO         4388    i.USART_SendData    stm32f4xx_usart.o
    0x08002fa6   0x00000004   Code   RO          237    i.UsageFault_Handler  stm32f4xx_it.o
    0x08002faa   0x0000000e   Code   RO         5211    i.__scatterload_copy  mc_w.l(handlers.o)
    0x08002fb8   0x00000002   Code   RO         5212    i.__scatterload_null  mc_w.l(handlers.o)
    0x08002fba   0x0000000e   Code   RO         5213    i.__scatterload_zeroinit  mc_w.l(handlers.o)
    0x08002fc8   0x0000008c   Code   RO          665    i.ckcl              charging pile function.o
    0x08003054   0x000001b4   Code   RO          666    i.cpapap            charging pile function.o
    0x08003208   0x0000018c   Code   RO          667    i.csd               charging pile function.o
    0x08003394   0x00000014   Code   RO         4611    i.delay_ms          delay.o
    0x080033a8   0x0000001c   Code   RO         4612    i.delay_us          delay.o
    0x080033c4   0x0000000c   Code   RO          339    i.init_CH455        ch455i2c.o
    0x080033d0   0x0000004e   Code   RO          145    i.main              main.o
    0x0800341e   0x00000002   PAD
    0x08003420   0x0000008c   Code   RO          668    i.menu1             charging pile function.o
    0x080034ac   0x000000bc   Code   RO          669    i.menu2             charging pile function.o
    0x08003568   0x000000a0   Code   RO          670    i.menu3             charging pile function.o
    0x08003608   0x0000001c   Code   RO          456    i.mp3Play1          mp3.o
    0x08003624   0x0000001c   Code   RO          457    i.mp3Play10         mp3.o
    0x08003640   0x0000001c   Code   RO          458    i.mp3Play11         mp3.o
    0x0800365c   0x0000001c   Code   RO          459    i.mp3Play12         mp3.o
    0x08003678   0x0000001c   Code   RO          460    i.mp3Play13         mp3.o
    0x08003694   0x0000001c   Code   RO          461    i.mp3Play14         mp3.o
    0x080036b0   0x0000001c   Code   RO          462    i.mp3Play15         mp3.o
    0x080036cc   0x0000001c   Code   RO          463    i.mp3Play16         mp3.o
    0x080036e8   0x0000001c   Code   RO          464    i.mp3Play2          mp3.o
    0x08003704   0x0000001c   Code   RO          465    i.mp3Play3          mp3.o
    0x08003720   0x0000001c   Code   RO          466    i.mp3Play4          mp3.o
    0x0800373c   0x0000001c   Code   RO          467    i.mp3Play5          mp3.o
    0x08003758   0x0000001c   Code   RO          468    i.mp3Play6          mp3.o
    0x08003774   0x0000001c   Code   RO          469    i.mp3Play7          mp3.o
    0x08003790   0x0000001c   Code   RO          470    i.mp3Play8          mp3.o
    0x080037ac   0x0000001c   Code   RO          471    i.mp3Play9          mp3.o
    0x080037c8   0x00000024   Code   RO          473    i.setMp3Dev         mp3.o
    0x080037ec   0x00000024   Code   RO          474    i.setMp3Vol         mp3.o
    0x08003810   0x00000024   Code   RO          671    i.tdttdito          charging pile function.o
    0x08003834   0x00000150   Code   RO          672    i.ttotc             charging pile function.o
    0x08003984   0x00000010   Data   RO          239    .constdata          stm32f4xx_it.o
    0x08003994   0x0000bb90   Data   RO          448    .constdata          pic1.o
    0x0800f524   0x00042d20   Data   RO         4752    .constdata          lcd.o
    0x08052244   0x00000020   Data   RO         5209    Region$$Table       anon$$obj.o


    Execution Region RW_IRAM1 (Base: 0x20000000, Size: 0x000005e8, Max: 0x00020000, ABSOLUTE)

    Base Addr    Size         Type   Attr      Idx    E Section Name        Object

    0x20000000   0x00000014   Data   RW            5    .data               system_stm32f4xx.o
    0x20000014   0x00000002   Data   RW          240    .data               stm32f4xx_it.o
    0x20000016   0x00000002   Data   RW          635    .data               mpu6050.o
    0x20000018   0x00000011   Data   RW          674    .data               charging pile function.o
    0x20000029   0x00000010   Data   RW         2773    .data               stm32f4xx_rcc.o
    0x20000039   0x00000003   PAD
    0x2000003c   0x00000004   Data   RW         4613    .data               delay.o
    0x20000040   0x00000001   Data   RW         4652    .data               key.o
    0x20000041   0x00000001   PAD
    0x20000042   0x00000004   Data   RW         4753    .data               lcd.o
    0x20000046   0x00000002   PAD
    0x20000048   0x00000022   Zero   RW          238    .bss                stm32f4xx_it.o
    0x2000006a   0x00000002   PAD
    0x2000006c   0x00000144   Zero   RW          587    .bss                usart3.o
    0x200001b0   0x00000014   Zero   RW          634    .bss                mpu6050.o
    0x200001c4   0x00000011   Zero   RW          673    .bss                charging pile function.o
    0x200001d5   0x00000001   PAD
    0x200001d6   0x0000000e   Zero   RW         4751    .bss                lcd.o
    0x200001e4   0x00000004   PAD
    0x200001e8   0x00000400   Zero   RW          137    STACK               startup_stm32f4xx.o


==============================================================================

Image component sizes


      Code (inc. data)   RO Data    RW Data    ZI Data      Debug   Object Name

       188          4          0          0          0       2295   ch455i2c.o
      1832        280          0         17         17       5855   charging pile function.o
       176         22          0          4          0      20714   delay.o
       466         40          0          0          0       4927   i2c.o
       296         12          0          1          0       1261   key.o
      6258        152     273696          4         14      19231   lcd.o
       116          4          0          0          0        571   led.o
        78          0          0          0          0        555   main.o
       140         24          0          0          0       1767   misc.o
       520        148          0          0          0       9347   mp3.o
         0          0          0          2         20        764   mpu6050.o
         0          0      48016          0          0        468   pic1.o
        36          8        392          0       1024        924   startup_stm32f4xx.o
       200         18          0          0          0       2424   stm32f4xx_exti.o
       282          6          0          0          0       2041   stm32f4xx_fsmc.o
       240          0          0          0          0       3947   stm32f4xx_gpio.o
       528         58         16          2         34       6908   stm32f4xx_it.o
       360         42          0         16          0       5400   stm32f4xx_rcc.o
        64          4          0          0          0        716   stm32f4xx_syscfg.o
       238         28          0          0          0       4737   stm32f4xx_tim.o
       468          8          0          0          0       6759   stm32f4xx_usart.o
       340         32          0         20          0     271549   system_stm32f4xx.o
       116          0          0          0          0        617   time.o
       424         34          0          0        324       3212   usart3.o

    ----------------------------------------------------------------------
     13386        924     322152         72       1440     376989   Object Totals
         0          0         32          0          0          0   (incl. Generated)
        20          0          0          6          7          0   (incl. Padding)

    ----------------------------------------------------------------------

      Code (inc. data)   RO Data    RW Data    ZI Data      Debug   Library Member Name

         0          0          0          0          0          0   entry.o
         0          0          0          0          0          0   entry10a.o
         0          0          0          0          0          0   entry11a.o
         8          4          0          0          0          0   entry2.o
         4          0          0          0          0          0   entry5.o
         0          0          0          0          0          0   entry7b.o
         0          0          0          0          0          0   entry8b.o
         8          4          0          0          0          0   entry9a.o
        30          0          0          0          0          0   handlers.o
        36          8          0          0          0         68   init.o
         0          0          0          0          0          0   iusefp.o
        30          0          0          0          0         68   llshl.o
        36          0          0          0          0         68   llsshr.o
        32          0          0          0          0         68   llushr.o
        36          0          0          0          0         68   memcpya.o
        56          0          0          0          0         88   d2f.o
       334          0          0          0          0        148   dadd.o
       186          0          0          0          0        176   depilogue.o
        38          0          0          0          0         68   f2d.o
       110          0          0          0          0        168   fepilogue.o

    ----------------------------------------------------------------------
       946         16          0          0          0        988   Library Totals
         2          0          0          0          0          0   (incl. Padding)

    ----------------------------------------------------------------------

      Code (inc. data)   RO Data    RW Data    ZI Data      Debug   Library Name

       220         16          0          0          0        340   mc_w.l
       724          0          0          0          0        648   mf_w.l

    ----------------------------------------------------------------------
       946         16          0          0          0        988   Library Totals

    ----------------------------------------------------------------------

==============================================================================


      Code (inc. data)   RO Data    RW Data    ZI Data      Debug   

     14332        940     322152         72       1440     366617   Grand Totals
     14332        940     322152         72       1440     366617   ELF Image Totals
     14332        940     322152         72          0          0   ROM Totals

==============================================================================

    Total RO  Size (Code + RO Data)               336484 ( 328.60kB)
    Total RW  Size (RW Data + ZI Data)              1512 (   1.48kB)
    Total ROM Size (Code + RO Data + RW Data)     336556 ( 328.67kB)

==============================================================================

